Archive member included because of file (symbol)

C:\Users\Cody\Google Drive\MESi Labs\Software\Arduino IDE\Arduino-1.5.5-r2\hardware\arduino\sam\variants\arduino_due_x/libsam_sam3x8e_gcc_rel.a(pio.o)
                              C:\Users\Cody\AppData\Local\VMicro\Arduino\Builds\MESi_Labs_Dev_Code\arduino_due_x_dbg\Wire\Wire.cpp.o (PIO_Configure)
C:\Users\Cody\Google Drive\MESi Labs\Software\Arduino IDE\Arduino-1.5.5-r2\hardware\arduino\sam\variants\arduino_due_x/libsam_sam3x8e_gcc_rel.a(pmc.o)
                              C:\Users\Cody\AppData\Local\VMicro\Arduino\Builds\MESi_Labs_Dev_Code\arduino_due_x_dbg\Due_RTC\rtc_clock.cpp.o (pmc_switch_sclk_to_32kxtal)
C:\Users\Cody\Google Drive\MESi Labs\Software\Arduino IDE\Arduino-1.5.5-r2\hardware\arduino\sam\variants\arduino_due_x/libsam_sam3x8e_gcc_rel.a(rtc.o)
                              C:\Users\Cody\AppData\Local\VMicro\Arduino\Builds\MESi_Labs_Dev_Code\arduino_due_x_dbg\Due_RTC\rtc_clock.cpp.o (RTC_SetHourMode)
C:\Users\Cody\Google Drive\MESi Labs\Software\Arduino IDE\Arduino-1.5.5-r2\hardware\arduino\sam\variants\arduino_due_x/libsam_sam3x8e_gcc_rel.a(spi.o)
                              C:\Users\Cody\AppData\Local\VMicro\Arduino\Builds\MESi_Labs_Dev_Code\arduino_due_x_dbg\SPI\SPI.cpp.o (SPI_Enable)
C:\Users\Cody\Google Drive\MESi Labs\Software\Arduino IDE\Arduino-1.5.5-r2\hardware\arduino\sam\variants\arduino_due_x/libsam_sam3x8e_gcc_rel.a(tc.o)
                              C:\Users\Cody\AppData\Local\VMicro\Arduino\Builds\MESi_Labs_Dev_Code\arduino_due_x_dbg\Adafruit_NeoPixel\Adafruit_NeoPixel.cpp.o (TC_Configure)
C:\Users\Cody\Google Drive\MESi Labs\Software\Arduino IDE\Arduino-1.5.5-r2\hardware\arduino\sam\variants\arduino_due_x/libsam_sam3x8e_gcc_rel.a(twi.o)
                              C:\Users\Cody\AppData\Local\VMicro\Arduino\Builds\MESi_Labs_Dev_Code\arduino_due_x_dbg\Wire\Wire.cpp.o (TWI_ConfigureMaster)
C:\Users\Cody\Google Drive\MESi Labs\Software\Arduino IDE\Arduino-1.5.5-r2\hardware\arduino\sam\variants\arduino_due_x/libsam_sam3x8e_gcc_rel.a(startup_sam3xa.o)
                              (Reset_Handler)
C:\Users\Cody\Google Drive\MESi Labs\Software\Arduino IDE\Arduino-1.5.5-r2\hardware\arduino\sam\variants\arduino_due_x/libsam_sam3x8e_gcc_rel.a(uotghs.o)
                              C:\Users\Cody\Google Drive\MESi Labs\Software\Arduino IDE\Arduino-1.5.5-r2\hardware\arduino\sam\variants\arduino_due_x/libsam_sam3x8e_gcc_rel.a(startup_sam3xa.o) (UOTGHS_Handler)
C:\Users\Cody\AppData\Local\VMicro\Arduino\Builds\MESi_Labs_Dev_Code\arduino_due_x_dbg/core.a(cortex_handlers.c.o)
                              C:\Users\Cody\Google Drive\MESi Labs\Software\Arduino IDE\Arduino-1.5.5-r2\hardware\arduino\sam\variants\arduino_due_x/libsam_sam3x8e_gcc_rel.a(startup_sam3xa.o) (SysTick_Handler)
C:\Users\Cody\AppData\Local\VMicro\Arduino\Builds\MESi_Labs_Dev_Code\arduino_due_x_dbg/core.a(hooks.c.o)
                              C:\Users\Cody\AppData\Local\VMicro\Arduino\Builds\MESi_Labs_Dev_Code\arduino_due_x_dbg/core.a(cortex_handlers.c.o) (sysTickHook)
C:\Users\Cody\AppData\Local\VMicro\Arduino\Builds\MESi_Labs_Dev_Code\arduino_due_x_dbg/core.a(wiring.c.o)
                              C:\Users\Cody\AppData\Local\VMicro\Arduino\Builds\MESi_Labs_Dev_Code\arduino_due_x_dbg\DHT\dht.cpp.o (micros)
C:\Users\Cody\AppData\Local\VMicro\Arduino\Builds\MESi_Labs_Dev_Code\arduino_due_x_dbg/core.a(wiring_digital.c.o)
                              C:\Users\Cody\AppData\Local\VMicro\Arduino\Builds\MESi_Labs_Dev_Code\arduino_due_x_dbg\DHT\dht.cpp.o (digitalRead)
C:\Users\Cody\AppData\Local\VMicro\Arduino\Builds\MESi_Labs_Dev_Code\arduino_due_x_dbg/core.a(cxxabi-compat.cpp.o)
                              C:\Users\Cody\AppData\Local\VMicro\Arduino\Builds\MESi_Labs_Dev_Code\arduino_due_x_dbg\Wire\Wire.cpp.o (__cxa_pure_virtual)
C:\Users\Cody\AppData\Local\VMicro\Arduino\Builds\MESi_Labs_Dev_Code\arduino_due_x_dbg/core.a(main.cpp.o)
                              C:\Users\Cody\Google Drive\MESi Labs\Software\Arduino IDE\Arduino-1.5.5-r2\hardware\arduino\sam\variants\arduino_due_x/libsam_sam3x8e_gcc_rel.a(startup_sam3xa.o) (main)
C:\Users\Cody\AppData\Local\VMicro\Arduino\Builds\MESi_Labs_Dev_Code\arduino_due_x_dbg/core.a(Print.cpp.o)
                              C:\Users\Cody\AppData\Local\VMicro\Arduino\Builds\MESi_Labs_Dev_Code\arduino_due_x_dbg\Wire\Wire.cpp.o (Print::write(unsigned char const*, unsigned int))
C:\Users\Cody\AppData\Local\VMicro\Arduino\Builds\MESi_Labs_Dev_Code\arduino_due_x_dbg/core.a(Reset.cpp.o)
                              C:\Users\Cody\AppData\Local\VMicro\Arduino\Builds\MESi_Labs_Dev_Code\arduino_due_x_dbg/core.a(cortex_handlers.c.o) (tickReset)
C:\Users\Cody\AppData\Local\VMicro\Arduino\Builds\MESi_Labs_Dev_Code\arduino_due_x_dbg/core.a(UARTClass.cpp.o)
                              C:\Users\Cody\AppData\Local\VMicro\Arduino\Builds\MESi_Labs_Dev_Code\arduino_due_x_dbg\MESi_Labs_Dev_Code.cpp.o (UARTClass::read())
[...]
Memory Configuration

Name             Origin             Length             Attributes
rom              0x00080000         0x00080000         xr
sram0            0x20000000         0x00010000         xrw
sram1            0x20080000         0x00008000         xrw
ram              0x20070000         0x00018000         xrw
*default*        0x00000000         0xffffffff

Linker script and memory map

LOAD c:/users/cody/google drive/mesi labs/software/arduino ide/arduino-1.5.5-r2/hardware/tools/g++_arm_none_eabi/bin/../lib/gcc/arm-none-eabi/4.4.1/thumb2/crti.o
LOAD c:/users/cody/google drive/mesi labs/software/arduino ide/arduino-1.5.5-r2/hardware/tools/g++_arm_none_eabi/bin/../lib/gcc/arm-none-eabi/4.4.1/thumb2/crtbegin.o
LOAD c:/users/cody/google drive/mesi labs/software/arduino ide/arduino-1.5.5-r2/hardware/tools/g++_arm_none_eabi/bin/../lib/gcc/arm-none-eabi/4.4.1/thumb2\libgcc.a
START GROUP
LOAD C:\Users\Cody\AppData\Local\VMicro\Arduino\Builds\MESi_Labs_Dev_Code\arduino_due_x_dbg/syscalls_sam3.c.o
LOAD C:\Users\Cody\AppData\Local\VMicro\Arduino\Builds\MESi_Labs_Dev_Code\arduino_due_x_dbg\MESi_Labs_Dev_Code.cpp.o
LOAD C:\Users\Cody\AppData\Local\VMicro\Arduino\Builds\MESi_Labs_Dev_Code\arduino_due_x_dbg\SFE_TSL2561\SFE_TSL2561.cpp.o
LOAD C:\Users\Cody\AppData\Local\VMicro\Arduino\Builds\MESi_Labs_Dev_Code\arduino_due_x_dbg\DHT\dht.cpp.o
LOAD C:\Users\Cody\AppData\Local\VMicro\Arduino\Builds\MESi_Labs_Dev_Code\arduino_due_x_dbg\Wire\Wire.cpp.o
LOAD C:\Users\Cody\AppData\Local\VMicro\Arduino\Builds\MESi_Labs_Dev_Code\arduino_due_x_dbg\SPI\SPI.cpp.o
LOAD C:\Users\Cody\AppData\Local\VMicro\Arduino\Builds\MESi_Labs_Dev_Code\arduino_due_x_dbg\SD_Ada\File.cpp.o
LOAD C:\Users\Cody\AppData\Local\VMicro\Arduino\Builds\MESi_Labs_Dev_Code\arduino_due_x_dbg\SD_Ada\SD.cpp.o
LOAD C:\Users\Cody\AppData\Local\VMicro\Arduino\Builds\MESi_Labs_Dev_Code\arduino_due_x_dbg\SD_Ada\utility\Sd2Card.cpp.o
LOAD C:\Users\Cody\AppData\Local\VMicro\Arduino\Builds\MESi_Labs_Dev_Code\arduino_due_x_dbg\SD_Ada\utility\SdFile.cpp.o
LOAD C:\Users\Cody\AppData\Local\VMicro\Arduino\Builds\MESi_Labs_Dev_Code\arduino_due_x_dbg\SD_Ada\utility\SdVolume.cpp.o
LOAD C:\Users\Cody\AppData\Local\VMicro\Arduino\Builds\MESi_Labs_Dev_Code\arduino_due_x_dbg\Scheduler\Scheduler.cpp.o
LOAD C:\Users\Cody\AppData\Local\VMicro\Arduino\Builds\MESi_Labs_Dev_Code\arduino_due_x_dbg\Adafruit_NeoPixel\Adafruit_NeoPixel.cpp.o
LOAD C:\Users\Cody\AppData\Local\VMicro\Arduino\Builds\MESi_Labs_Dev_Code\arduino_due_x_dbg\RTC_Ada\RTClib.cpp.o
LOAD C:\Users\Cody\AppData\Local\VMicro\Arduino\Builds\MESi_Labs_Dev_Code\arduino_due_x_dbg\Due_RTC\rtc_clock.cpp.o
LOAD C:\Users\Cody\Google Drive\MESi Labs\Software\Arduino IDE\Arduino-1.5.5-r2\hardware\arduino\sam\variants\arduino_due_x/libsam_sam3x8e_gcc_rel.a
LOAD C:\Users\Cody\AppData\Local\VMicro\Arduino\Builds\MESi_Labs_Dev_Code\arduino_due_x_dbg/core.a
END GROUP
LOAD c:/users/cody/google drive/mesi labs/software/arduino ide/arduino-1.5.5-r2/hardware/tools/g++_arm_none_eabi/bin/../lib/gcc/arm-none-eabi/4.4.1/../../../../arm-none-eabi/lib/thumb2\libstdc++.a
LOAD c:/users/cody/google drive/mesi labs/software/arduino ide/arduino-1.5.5-r2/hardware/tools/g++_arm_none_eabi/bin/../lib/gcc/arm-none-eabi/4.4.1/../../../../arm-none-eabi/lib/thumb2\libm.a
START GROUP
LOAD c:/users/cody/google drive/mesi labs/software/arduino ide/arduino-1.5.5-r2/hardware/tools/g++_arm_none_eabi/bin/../lib/gcc/arm-none-eabi/4.4.1/thumb2\libgcc.a
LOAD c:/users/cody/google drive/mesi labs/software/arduino ide/arduino-1.5.5-r2/hardware/tools/g++_arm_none_eabi/bin/../lib/gcc/arm-none-eabi/4.4.1/../../../../arm-none-eabi/lib/thumb2\libc.a
END GROUP
LOAD c:/users/cody/google drive/mesi labs/software/arduino ide/arduino-1.5.5-r2/hardware/tools/g++_arm_none_eabi/bin/../lib/gcc/arm-none-eabi/4.4.1/thumb2/crtend.o
LOAD c:/users/cody/google drive/mesi labs/software/arduino ide/arduino-1.5.5-r2/hardware/tools/g++_arm_none_eabi/bin/../lib/gcc/arm-none-eabi/4.4.1/thumb2/crtn.o

.text           0x00080000     0xbfa0
                0x00080000                . = ALIGN (0x4)
                0x00080000                _sfixed = .
 *(.vectors .vectors.*)
 .vectors       0x00080000       0xf4 C:\Users\Cody\Google Drive\MESi Labs\Software\Arduino IDE\Arduino-1.5.5-r2\hardware\arduino\sam\variants\arduino_due_x/libsam_sam3x8e_gcc_rel.a(startup_sam3xa.o)
                0x00080000                exception_table
 *(.text .text.* .gnu.linkonce.t.*)
 .text          0x000800f4       0x30 c:/users/cody/google drive/mesi labs/software/arduino ide/arduino-1.5.5-r2/hardware/tools/g++_arm_none_eabi/bin/../lib/gcc/arm-none-eabi/4.4.1/thumb2/crtbegin.o
 .text._sbrk    0x00080124       0x20 C:\Users\Cody\AppData\Local\VMicro\Arduino\Builds\MESi_Labs_Dev_Code\arduino_due_x_dbg/syscalls_sam3.c.o
                0x00080124                _sbrk
 .text._close   0x00080144        0x6 C:\Users\Cody\AppData\Local\VMicro\Arduino\Builds\MESi_Labs_Dev_Code\arduino_due_x_dbg/syscalls_sam3.c.o
                0x00080144                _close
 .text._fstat   0x0008014a        0xa C:\Users\Cody\AppData\Local\VMicro\Arduino\Builds\MESi_Labs_Dev_Code\arduino_due_x_dbg/syscalls_sam3.c.o
                0x0008014a                _fstat
 .text._isatty  0x00080154        0x4 C:\Users\Cody\AppData\Local\VMicro\Arduino\Builds\MESi_Labs_Dev_Code\arduino_due_x_dbg/syscalls_sam3.c.o
                0x00080154                _isatty
 .text._lseek   0x00080158        0x4 C:\Users\Cody\AppData\Local\VMicro\Arduino\Builds\MESi_Labs_Dev_Code\arduino_due_x_dbg/syscalls_sam3.c.o
                0x00080158                _lseek
 .text._read    0x0008015c        0x4 C:\Users\Cody\AppData\Local\VMicro\Arduino\Builds\MESi_Labs_Dev_Code\arduino_due_x_dbg/syscalls_sam3.c.o
                0x0008015c                _read
 .text._write   0x00080160       0x20 C:\Users\Cody\AppData\Local\VMicro\Arduino\Builds\MESi_Labs_Dev_Code\arduino_due_x_dbg/syscalls_sam3.c.o
                0x00080160                _write
 .text._kill    0x00080180        0x2 C:\Users\Cody\AppData\Local\VMicro\Arduino\Builds\MESi_Labs_Dev_Code\arduino_due_x_dbg/syscalls_sam3.c.o
                0x00080180                _kill
 .text._getpid  0x00080182        0x6 C:\Users\Cody\AppData\Local\VMicro\Arduino\Builds\MESi_Labs_Dev_Code\arduino_due_x_dbg/syscalls_sam3.c.o
                0x00080182                _getpid
 .text._exit    0x00080188       0x10 C:\Users\Cody\AppData\Local\VMicro\Arduino\Builds\MESi_Labs_Dev_Code\arduino_due_x_dbg/syscalls_sam3.c.o
                0x00080188                _exit
 .text._Z14transmitStatusv
                0x00080198       0x2c C:\Users\Cody\AppData\Local\VMicro\Arduino\Builds\MESi_Labs_Dev_Code\arduino_due_x_dbg\MESi_Labs_Dev_Code.cpp.o
                0x00080198                transmitStatus()
 .text._Z15executeDebugCMDc
                0x000801c4       0x18 C:\Users\Cody\AppData\Local\VMicro\Arduino\Builds\MESi_Labs_Dev_Code\arduino_due_x_dbg\MESi_Labs_Dev_Code.cpp.o
                0x000801c4                executeDebugCMD(char)
 .text._Z12serialEvent3v
                0x000801dc       0x1c C:\Users\Cody\AppData\Local\VMicro\Arduino\Builds\MESi_Labs_Dev_Code\arduino_due_x_dbg\MESi_Labs_Dev_Code.cpp.o
                0x000801dc                serialEvent3()
 .text._Z9init_XBeev
                0x000801f8       0x34 C:\Users\Cody\AppData\Local\VMicro\Arduino\Builds\MESi_Labs_Dev_Code\arduino_due_x_dbg\MESi_Labs_Dev_Code.cpp.o
                0x000801f8                init_XBee()
 .text._Z8init_TSLv
                0x0008022c       0x30 C:\Users\Cody\AppData\Local\VMicro\Arduino\Builds\MESi_Labs_Dev_Code\arduino_due_x_dbg\MESi_Labs_Dev_Code.cpp.o
                0x0008022c                init_TSL()
 .text._Z12init_Sensorsv
                0x0008025c        0x4 C:\Users\Cody\AppData\Local\VMicro\Arduino\Builds\MESi_Labs_Dev_Code\arduino_due_x_dbg\MESi_Labs_Dev_Code.cpp.o
                0x0008025c                init_Sensors()
 .text._Z7readDHTRfS_
                0x00080260       0x2c C:\Users\Cody\AppData\Local\VMicro\Arduino\Builds\MESi_Labs_Dev_Code\arduino_due_x_dbg\MESi_Labs_Dev_Code.cpp.o
                0x00080260                readDHT(float&, float&)
 .text._Z12calibrateRTCv
                0x0008028c       0x54 C:\Users\Cody\AppData\Local\VMicro\Arduino\Builds\MESi_Labs_Dev_Code\arduino_due_x_dbg\MESi_Labs_Dev_Code.cpp.o
                0x0008028c                calibrateRTC()
 .text._Z10printErrorh
                0x000802e0       0x7c C:\Users\Cody\AppData\Local\VMicro\Arduino\Builds\MESi_Labs_Dev_Code\arduino_due_x_dbg\MESi_Labs_Dev_Code.cpp.o
                0x000802e0                printError(unsigned char)
 .text._Z7readTSLRd
                0x0008035c       0x44 C:\Users\Cody\AppData\Local\VMicro\Arduino\Builds\MESi_Labs_Dev_Code\arduino_due_x_dbg\MESi_Labs_Dev_Code.cpp.o
                0x0008035c                readTSL(double&)
 .text._Z16convertRTCString8DateTimeR6StringS1_
                0x000803a0      0x118 C:\Users\Cody\AppData\Local\VMicro\Arduino\Builds\MESi_Labs_Dev_Code\arduino_due_x_dbg\MESi_Labs_Dev_Code.cpp.o
                0x000803a0                convertRTCString(DateTime, String&, String&)
 .text._Z7readRTCv
                0x000804b8       0x68 C:\Users\Cody\AppData\Local\VMicro\Arduino\Builds\MESi_Labs_Dev_Code\arduino_due_x_dbg\MESi_Labs_Dev_Code.cpp.o
                0x000804b8                readRTC()
 .text._Z13writeSensorSDffd
                0x00080520      0x174 C:\Users\Cody\AppData\Local\VMicro\Arduino\Builds\MESi_Labs_Dev_Code\arduino_due_x_dbg\MESi_Labs_Dev_Code.cpp.o
                0x00080520                writeSensorSD(float, float, double)
 .text._Z11readSensorsv
                0x00080694       0x34 C:\Users\Cody\AppData\Local\VMicro\Arduino\Builds\MESi_Labs_Dev_Code\arduino_due_x_dbg\MESi_Labs_Dev_Code.cpp.o
                0x00080694                readSensors()
 .text._Z9changeLEDm
                0x000806c8       0x28 C:\Users\Cody\AppData\Local\VMicro\Arduino\Builds\MESi_Labs_Dev_Code\arduino_due_x_dbg\MESi_Labs_Dev_Code.cpp.o
                0x000806c8                changeLED(unsigned long)
 .text._Z9init_LEDSv
                0x000806f0       0x34 C:\Users\Cody\AppData\Local\VMicro\Arduino\Builds\MESi_Labs_Dev_Code\arduino_due_x_dbg\MESi_Labs_Dev_Code.cpp.o
                0x000806f0                init_LEDS()
 .text._Z9updateLEDv
                0x00080724       0x18 C:\Users\Cody\AppData\Local\VMicro\Arduino\Builds\MESi_Labs_Dev_Code\arduino_due_x_dbg\MESi_Labs_Dev_Code.cpp.o
                0x00080724                updateLED()
 .text._Z10eepromReadhh
                0x0008073c       0x48 C:\Users\Cody\AppData\Local\VMicro\Arduino\Builds\MESi_Labs_Dev_Code\arduino_due_x_dbg\MESi_Labs_Dev_Code.cpp.o
                0x0008073c                eepromRead(unsigned char, unsigned char)
 .text._Z11init_EEPROMv
                0x00080784       0x14 C:\Users\Cody\AppData\Local\VMicro\Arduino\Builds\MESi_Labs_Dev_Code\arduino_due_x_dbg\MESi_Labs_Dev_Code.cpp.o
                0x00080784                init_EEPROM()
 .text._Z11serialEventv
                0x00080798       0x18 C:\Users\Cody\AppData\Local\VMicro\Arduino\Builds\MESi_Labs_Dev_Code\arduino_due_x_dbg\MESi_Labs_Dev_Code.cpp.o
                0x00080798                serialEvent()
 .text._Z11displayInfov
                0x000807b0       0xf0 C:\Users\Cody\AppData\Local\VMicro\Arduino\Builds\MESi_Labs_Dev_Code\arduino_due_x_dbg\MESi_Labs_Dev_Code.cpp.o
                0x000807b0                displayInfo()
 .text._Z5Errorh6String
                0x000808a0       0x20 C:\Users\Cody\AppData\Local\VMicro\Arduino\Builds\MESi_Labs_Dev_Code\arduino_due_x_dbg\MESi_Labs_Dev_Code.cpp.o
                0x000808a0                Error(unsigned char, String)
 .text._Z8init_RTCv
                0x000808c0       0x34 C:\Users\Cody\AppData\Local\VMicro\Arduino\Builds\MESi_Labs_Dev_Code\arduino_due_x_dbg\MESi_Labs_Dev_Code.cpp.o
                0x000808c0                init_RTC()
 .text._Z7init_SDv
                0x000808f4       0x54 C:\Users\Cody\AppData\Local\VMicro\Arduino\Builds\MESi_Labs_Dev_Code\arduino_due_x_dbg\MESi_Labs_Dev_Code.cpp.o
                0x000808f4                init_SD()
 .text._Z10initializev
                0x00080948       0x44 C:\Users\Cody\AppData\Local\VMicro\Arduino\Builds\MESi_Labs_Dev_Code\arduino_due_x_dbg\MESi_Labs_Dev_Code.cpp.o
                0x00080948                initialize()
 .text.setup    0x0008098c       0x12 C:\Users\Cody\AppData\Local\VMicro\Arduino\Builds\MESi_Labs_Dev_Code\arduino_due_x_dbg\MESi_Labs_Dev_Code.cpp.o
                0x0008098c                setup
 *fill*         0x0008099e        0x2 00
 .text.loop     0x000809a0        0xc C:\Users\Cody\AppData\Local\VMicro\Arduino\Builds\MESi_Labs_Dev_Code\arduino_due_x_dbg\MESi_Labs_Dev_Code.cpp.o
                0x000809a0                loop
 .text._GLOBAL__I_scheduler
                0x000809ac       0xe4 C:\Users\Cody\AppData\Local\VMicro\Arduino\Builds\MESi_Labs_Dev_Code\arduino_due_x_dbg\MESi_Labs_Dev_Code.cpp.o
 .text._ZN11SFE_TSL2561C1Ev
                0x00080a90        0x2 C:\Users\Cody\AppData\Local\VMicro\Arduino\Builds\MESi_Labs_Dev_Code\arduino_due_x_dbg\SFE_TSL2561\SFE_TSL2561.cpp.o
                0x00080a90                SFE_TSL2561::SFE_TSL2561()
 .text._ZN11SFE_TSL25618getErrorEv
                0x00080a92        0x4 C:\Users\Cody\AppData\Local\VMicro\Arduino\Builds\MESi_Labs_Dev_Code\arduino_due_x_dbg\SFE_TSL2561\SFE_TSL2561.cpp.o
                0x00080a92                SFE_TSL2561::getError()
 *fill*         0x00080a96        0x2 00
 .text._ZN11SFE_TSL25618readByteEhRh
                0x00080a98       0x54 C:\Users\Cody\AppData\Local\VMicro\Arduino\Builds\MESi_Labs_Dev_Code\arduino_due_x_dbg\SFE_TSL2561\SFE_TSL2561.cpp.o
                0x00080a98                SFE_TSL2561::readByte(unsigned char, unsigned char&)
 .text._ZN11SFE_TSL25618readUIntEhRj
                0x00080aec       0x60 C:\Users\Cody\AppData\Local\VMicro\Arduino\Builds\MESi_Labs_Dev_Code\arduino_due_x_dbg\SFE_TSL2561\SFE_TSL2561.cpp.o
                0x00080aec                SFE_TSL2561::readUInt(unsigned char, unsigned int&)
 .text._ZN11SFE_TSL25617getDataERjS0_
                0x00080b4c       0x26 C:\Users\Cody\AppData\Local\VMicro\Arduino\Builds\MESi_Labs_Dev_Code\arduino_due_x_dbg\SFE_TSL2561\SFE_TSL2561.cpp.o
                0x00080b4c                SFE_TSL2561::getData(unsigned int&, unsigned int&)
 *fill*         0x00080b72        0x2 00
 .text._ZN11SFE_TSL25619writeByteEhh
                0x00080b74       0x3c C:\Users\Cody\AppData\Local\VMicro\Arduino\Builds\MESi_Labs_Dev_Code\arduino_due_x_dbg\SFE_TSL2561\SFE_TSL2561.cpp.o
                0x00080b74                SFE_TSL2561::writeByte(unsigned char, unsigned char)
 .text._ZN11SFE_TSL256119setInterruptControlEhh
                0x00080bb0       0x1c C:\Users\Cody\AppData\Local\VMicro\Arduino\Builds\MESi_Labs_Dev_Code\arduino_due_x_dbg\SFE_TSL2561\SFE_TSL2561.cpp.o
                0x00080bb0                SFE_TSL2561::setInterruptControl(unsigned char, unsigned char)
 .text._ZN11SFE_TSL25619setTimingEhh
                0x00080bcc       0x4c C:\Users\Cody\AppData\Local\VMicro\Arduino\Builds\MESi_Labs_Dev_Code\arduino_due_x_dbg\SFE_TSL2561\SFE_TSL2561.cpp.o
                0x00080bcc                SFE_TSL2561::setTiming(unsigned char, unsigned char)
 .text._ZN11SFE_TSL25619setTimingEhhRj
                0x00080c18       0x28 C:\Users\Cody\AppData\Local\VMicro\Arduino\Builds\MESi_Labs_Dev_Code\arduino_due_x_dbg\SFE_TSL2561\SFE_TSL2561.cpp.o
                0x00080c18                SFE_TSL2561::setTiming(unsigned char, unsigned char, unsigned int&)
 .text._ZN11SFE_TSL256110setPowerUpEv
                0x00080c40        0x8 C:\Users\Cody\AppData\Local\VMicro\Arduino\Builds\MESi_Labs_Dev_Code\arduino_due_x_dbg\SFE_TSL2561\SFE_TSL2561.cpp.o
                0x00080c40                SFE_TSL2561::setPowerUp()
 .text._ZN11SFE_TSL25616getLuxEhjjjRd
                0x00080c48      0x210 C:\Users\Cody\AppData\Local\VMicro\Arduino\Builds\MESi_Labs_Dev_Code\arduino_due_x_dbg\SFE_TSL2561\SFE_TSL2561.cpp.o
                0x00080c48                SFE_TSL2561::getLux(unsigned char, unsigned int, unsigned int, unsigned int, double&)
 .text._ZN11SFE_TSL25615beginEc
                0x00080e58       0x14 C:\Users\Cody\AppData\Local\VMicro\Arduino\Builds\MESi_Labs_Dev_Code\arduino_due_x_dbg\SFE_TSL2561\SFE_TSL2561.cpp.o
                0x00080e58                SFE_TSL2561::begin(char)
 .text._ZN3dht4readEh
                0x00080e6c       0xec C:\Users\Cody\AppData\Local\VMicro\Arduino\Builds\MESi_Labs_Dev_Code\arduino_due_x_dbg\DHT\dht.cpp.o
                0x00080e6c                dht::read(unsigned char)
 .text._ZN3dht6read22Eh
                0x00080f58       0x88 C:\Users\Cody\AppData\Local\VMicro\Arduino\Builds\MESi_Labs_Dev_Code\arduino_due_x_dbg\DHT\dht.cpp.o
                0x00080f58                dht::read22(unsigned char)
 .text._ZN7TwoWireC1EP3TwiPFvvE
                0x00080fe0       0x3c C:\Users\Cody\AppData\Local\VMicro\Arduino\Builds\MESi_Labs_Dev_Code\arduino_due_x_dbg\Wire\Wire.cpp.o
                0x00080fe0                TwoWire::TwoWire(Twi*, void (*)())
 .text._ZN7TwoWire17beginTransmissionEh
                0x0008101c       0x12 C:\Users\Cody\AppData\Local\VMicro\Arduino\Builds\MESi_Labs_Dev_Code\arduino_due_x_dbg\Wire\Wire.cpp.o
                0x0008101c                TwoWire::beginTransmission(unsigned char)
 .text._ZN7TwoWire17beginTransmissionEi
                0x0008102e        0x6 C:\Users\Cody\AppData\Local\VMicro\Arduino\Builds\MESi_Labs_Dev_Code\arduino_due_x_dbg\Wire\Wire.cpp.o
                0x0008102e                TwoWire::beginTransmission(int)
 .text._ZN7TwoWire5writeEh
                0x00081034       0x3a C:\Users\Cody\AppData\Local\VMicro\Arduino\Builds\MESi_Labs_Dev_Code\arduino_due_x_dbg\Wire\Wire.cpp.o
                0x00081034                TwoWire::write(unsigned char)
 .text._ZN7TwoWire5writeEPKhj
                0x0008106e       0x5e C:\Users\Cody\AppData\Local\VMicro\Arduino\Builds\MESi_Labs_Dev_Code\arduino_due_x_dbg\Wire\Wire.cpp.o
                0x0008106e                TwoWire::write(unsigned char const*, unsigned int)
 .text._ZN7TwoWire9availableEv
                0x000810cc        0xc C:\Users\Cody\AppData\Local\VMicro\Arduino\Builds\MESi_Labs_Dev_Code\arduino_due_x_dbg\Wire\Wire.cpp.o
                0x000810cc                TwoWire::available()
 .text._ZN7TwoWire4readEv
                0x000810d8       0x20 C:\Users\Cody\AppData\Local\VMicro\Arduino\Builds\MESi_Labs_Dev_Code\arduino_due_x_dbg\Wire\Wire.cpp.o
                0x000810d8                TwoWire::read()
 .text._ZN7TwoWire4peekEv
                0x000810f8       0x18 C:\Users\Cody\AppData\Local\VMicro\Arduino\Builds\MESi_Labs_Dev_Code\arduino_due_x_dbg\Wire\Wire.cpp.o
                0x000810f8                TwoWire::peek()
 .text._ZN7TwoWire5flushEv
                0x00081110        0x2 C:\Users\Cody\AppData\Local\VMicro\Arduino\Builds\MESi_Labs_Dev_Code\arduino_due_x_dbg\Wire\Wire.cpp.o
                0x00081110                TwoWire::flush()
 *fill*         0x00081112        0x2 00
 .text._ZL10Wire1_Initv
                0x00081114       0x54 C:\Users\Cody\AppData\Local\VMicro\Arduino\Builds\MESi_Labs_Dev_Code\arduino_due_x_dbg\Wire\Wire.cpp.o
 .text._ZL9Wire_Initv
                0x00081168       0x54 C:\Users\Cody\AppData\Local\VMicro\Arduino\Builds\MESi_Labs_Dev_Code\arduino_due_x_dbg\Wire\Wire.cpp.o
 .text._ZN7TwoWire9onServiceEv
                0x000811bc      0x130 C:\Users\Cody\AppData\Local\VMicro\Arduino\Builds\MESi_Labs_Dev_Code\arduino_due_x_dbg\Wire\Wire.cpp.o
                0x000811bc                TwoWire::onService()
 .text.TWI0_Handler
                0x000812ec        0xc C:\Users\Cody\AppData\Local\VMicro\Arduino\Builds\MESi_Labs_Dev_Code\arduino_due_x_dbg\Wire\Wire.cpp.o
                0x000812ec                TWI0_Handler
 .text.TWI1_Handler
                0x000812f8        0xc C:\Users\Cody\AppData\Local\VMicro\Arduino\Builds\MESi_Labs_Dev_Code\arduino_due_x_dbg\Wire\Wire.cpp.o
                0x000812f8                TWI1_Handler
 .text._ZN7TwoWire15endTransmissionEh
                0x00081304       0xcc C:\Users\Cody\AppData\Local\VMicro\Arduino\Builds\MESi_Labs_Dev_Code\arduino_due_x_dbg\Wire\Wire.cpp.o
                0x00081304                TwoWire::endTransmission(unsigned char)
 .text._ZN7TwoWire15endTransmissionEv
                0x000813d0        0x6 C:\Users\Cody\AppData\Local\VMicro\Arduino\Builds\MESi_Labs_Dev_Code\arduino_due_x_dbg\Wire\Wire.cpp.o
                0x000813d0                TwoWire::endTransmission()
 *fill*         0x000813d6        0x2 00
 .text._ZN7TwoWire11requestFromEhhh
                0x000813d8       0x90 C:\Users\Cody\AppData\Local\VMicro\Arduino\Builds\MESi_Labs_Dev_Code\arduino_due_x_dbg\Wire\Wire.cpp.o
                0x000813d8                TwoWire::requestFrom(unsigned char, unsigned char, unsigned char)
 .text._ZN7TwoWire11requestFromEii
                0x00081468        0xa C:\Users\Cody\AppData\Local\VMicro\Arduino\Builds\MESi_Labs_Dev_Code\arduino_due_x_dbg\Wire\Wire.cpp.o
                0x00081468                TwoWire::requestFrom(int, int)
 *fill*         0x00081472        0x2 00
 .text._ZN7TwoWire5beginEv
                0x00081474       0x30 C:\Users\Cody\AppData\Local\VMicro\Arduino\Builds\MESi_Labs_Dev_Code\arduino_due_x_dbg\Wire\Wire.cpp.o
                0x00081474                TwoWire::begin()
 .text._GLOBAL__I__ZN7TwoWireC2EP3TwiPFvvE
                0x000814a4       0x34 C:\Users\Cody\AppData\Local\VMicro\Arduino\Builds\MESi_Labs_Dev_Code\arduino_due_x_dbg\Wire\Wire.cpp.o
 .text._ZN8SPIClassC1EP3SpimPFvvE
                0x000814d8       0x12 C:\Users\Cody\AppData\Local\VMicro\Arduino\Builds\MESi_Labs_Dev_Code\arduino_due_x_dbg\SPI\SPI.cpp.o
                0x000814d8                SPIClass::SPIClass(Spi*, unsigned long, void (*)())
 .text._ZN8SPIClass11setBitOrderEh8BitOrder
                0x000814ea       0x1e C:\Users\Cody\AppData\Local\VMicro\Arduino\Builds\MESi_Labs_Dev_Code\arduino_due_x_dbg\SPI\SPI.cpp.o
                0x000814ea                SPIClass::setBitOrder(unsigned char, BitOrder)
 .text._ZN8SPIClass8transferEhh15SPITransferMode
                0x00081508       0x64 C:\Users\Cody\AppData\Local\VMicro\Arduino\Builds\MESi_Labs_Dev_Code\arduino_due_x_dbg\SPI\SPI.cpp.o
                0x00081508                SPIClass::transfer(unsigned char, unsigned char, SPITransferMode)
 .text._ZL10SPI_0_Initv
                0x0008156c       0x48 C:\Users\Cody\AppData\Local\VMicro\Arduino\Builds\MESi_Labs_Dev_Code\arduino_due_x_dbg\SPI\SPI.cpp.o
 .text._ZN8SPIClass15setClockDividerEhh
                0x000815b4       0x2e C:\Users\Cody\AppData\Local\VMicro\Arduino\Builds\MESi_Labs_Dev_Code\arduino_due_x_dbg\SPI\SPI.cpp.o
                0x000815b4                SPIClass::setClockDivider(unsigned char, unsigned char)
 .text._ZN8SPIClass11setDataModeEhh
                0x000815e2       0x34 C:\Users\Cody\AppData\Local\VMicro\Arduino\Builds\MESi_Labs_Dev_Code\arduino_due_x_dbg\SPI\SPI.cpp.o
                0x000815e2                SPIClass::setDataMode(unsigned char, unsigned char)
 .text._ZN8SPIClass4initEv
                0x00081616       0x26 C:\Users\Cody\AppData\Local\VMicro\Arduino\Builds\MESi_Labs_Dev_Code\arduino_due_x_dbg\SPI\SPI.cpp.o
                0x00081616                SPIClass::init()
 .text._ZN8SPIClass5beginEv
                0x0008163c       0x2a C:\Users\Cody\AppData\Local\VMicro\Arduino\Builds\MESi_Labs_Dev_Code\arduino_due_x_dbg\SPI\SPI.cpp.o
                0x0008163c                SPIClass::begin()
 *fill*         0x00081666        0x2 00
 .text._GLOBAL__I__ZN8SPIClassC2EP3SpimPFvvE
                0x00081668       0x18 C:\Users\Cody\AppData\Local\VMicro\Arduino\Builds\MESi_Labs_Dev_Code\arduino_due_x_dbg\SPI\SPI.cpp.o
 .text._ZN4FileC1Ev
                0x00081680       0x18 C:\Users\Cody\AppData\Local\VMicro\Arduino\Builds\MESi_Labs_Dev_Code\arduino_due_x_dbg\SD_Ada\File.cpp.o
                0x00081680                File::File()
 .text._ZN4FileD1Ev
                0x00081698        0xc C:\Users\Cody\AppData\Local\VMicro\Arduino\Builds\MESi_Labs_Dev_Code\arduino_due_x_dbg\SD_Ada\File.cpp.o
                0x00081698                File::~File()
 .text._ZN4File5writeEh
                0x000816a4       0x14 C:\Users\Cody\AppData\Local\VMicro\Arduino\Builds\MESi_Labs_Dev_Code\arduino_due_x_dbg\SD_Ada\File.cpp.o
                0x000816a4                File::write(unsigned char)
 .text._ZN4File8positionEv
                0x000816b8        0xe C:\Users\Cody\AppData\Local\VMicro\Arduino\Builds\MESi_Labs_Dev_Code\arduino_due_x_dbg\SD_Ada\File.cpp.o
                0x000816b8                File::position()
 .text._ZN4File4sizeEv
                0x000816c6        0x8 C:\Users\Cody\AppData\Local\VMicro\Arduino\Builds\MESi_Labs_Dev_Code\arduino_due_x_dbg\SD_Ada\File.cpp.o
                0x000816c6                File::size()
 .text._ZN4File9availableEv
                0x000816ce       0x26 C:\Users\Cody\AppData\Local\VMicro\Arduino\Builds\MESi_Labs_Dev_Code\arduino_due_x_dbg\SD_Ada\File.cpp.o
                0x000816ce                File::available()
 .text._ZN4FilecvbEv
                0x000816f4        0xe C:\Users\Cody\AppData\Local\VMicro\Arduino\Builds\MESi_Labs_Dev_Code\arduino_due_x_dbg\SD_Ada\File.cpp.o
                0x000816f4                File::operator bool()
 .text._ZN4File5closeEv
                0x00081702       0x18 C:\Users\Cody\AppData\Local\VMicro\Arduino\Builds\MESi_Labs_Dev_Code\arduino_due_x_dbg\SD_Ada\File.cpp.o
                0x00081702                File::close()
 .text._ZN4File5flushEv
                0x0008171a        0xa C:\Users\Cody\AppData\Local\VMicro\Arduino\Builds\MESi_Labs_Dev_Code\arduino_due_x_dbg\SD_Ada\File.cpp.o
                0x0008171a                File::flush()
 .text._ZN4File4readEv
                0x00081724       0x26 C:\Users\Cody\AppData\Local\VMicro\Arduino\Builds\MESi_Labs_Dev_Code\arduino_due_x_dbg\SD_Ada\File.cpp.o
                0x00081724                File::read()
 .text._ZN4File4peekEv
                0x0008174a       0x3a C:\Users\Cody\AppData\Local\VMicro\Arduino\Builds\MESi_Labs_Dev_Code\arduino_due_x_dbg\SD_Ada\File.cpp.o
                0x0008174a                File::peek()
 .text._ZN4File5writeEPKhj
                0x00081784       0x26 C:\Users\Cody\AppData\Local\VMicro\Arduino\Builds\MESi_Labs_Dev_Code\arduino_due_x_dbg\SD_Ada\File.cpp.o
                0x00081784                File::write(unsigned char const*, unsigned int)
 *fill*         0x000817aa        0x2 00
 .text._ZN4FileC1E6SdFilePKc
                0x000817ac       0x58 C:\Users\Cody\AppData\Local\VMicro\Arduino\Builds\MESi_Labs_Dev_Code\arduino_due_x_dbg\SD_Ada\File.cpp.o
                0x000817ac                File::File(SdFile, char const*)
 .text._Z20getNextPathComponentPcPjS_
                0x00081804       0x4c C:\Users\Cody\AppData\Local\VMicro\Arduino\Builds\MESi_Labs_Dev_Code\arduino_due_x_dbg\SD_Ada\SD.cpp.o
                0x00081804                getNextPathComponent(char*, unsigned int*, char*)
 .text._Z19callback_pathExistsR6SdFilePchPv
                0x00081850       0x34 C:\Users\Cody\AppData\Local\VMicro\Arduino\Builds\MESi_Labs_Dev_Code\arduino_due_x_dbg\SD_Ada\SD.cpp.o
                0x00081850                callback_pathExists(SdFile&, char*, unsigned char, void*)
 .text._Z8walkPathPcR6SdFilePFhS1_S_hPvES2_
                0x00081884       0xa4 C:\Users\Cody\AppData\Local\VMicro\Arduino\Builds\MESi_Labs_Dev_Code\arduino_due_x_dbg\SD_Ada\SD.cpp.o
                0x00081884                walkPath(char*, SdFile&, unsigned char (*)(SdFile&, char*, unsigned char, void*), void*)
 .text._ZN7SDClass6existsEPc
                0x00081928       0x14 C:\Users\Cody\AppData\Local\VMicro\Arduino\Builds\MESi_Labs_Dev_Code\arduino_due_x_dbg\SD_Ada\SD.cpp.o
                0x00081928                SDClass::exists(char*)
 .text._ZN7SDClass12getParentDirEPKcPi
                0x0008193c      0x108 C:\Users\Cody\AppData\Local\VMicro\Arduino\Builds\MESi_Labs_Dev_Code\arduino_due_x_dbg\SD_Ada\SD.cpp.o
                0x0008193c                SDClass::getParentDir(char const*, int*)
 .text._ZN7SDClass4openEPKch
                0x00081a44      0x104 C:\Users\Cody\AppData\Local\VMicro\Arduino\Builds\MESi_Labs_Dev_Code\arduino_due_x_dbg\SD_Ada\SD.cpp.o
                0x00081a44                SDClass::open(char const*, unsigned char)
 .text._ZN7SDClass5beginEhaaa
                0x00081b48       0x4e C:\Users\Cody\AppData\Local\VMicro\Arduino\Builds\MESi_Labs_Dev_Code\arduino_due_x_dbg\SD_Ada\SD.cpp.o
                0x00081b48                SDClass::begin(unsigned char, signed char, signed char, signed char)
 *fill*         0x00081b96        0x2 00
 .text._GLOBAL__I__Z20getNextPathComponentPcPjS_
                0x00081b98       0x28 C:\Users\Cody\AppData\Local\VMicro\Arduino\Builds\MESi_Labs_Dev_Code\arduino_due_x_dbg\SD_Ada\SD.cpp.o
 .text._ZL7spiSendh
                0x00081bc0       0x94 C:\Users\Cody\AppData\Local\VMicro\Arduino\Builds\MESi_Labs_Dev_Code\arduino_due_x_dbg\SD_Ada\utility\Sd2Card.cpp.o
 .text._ZL6spiRecv
                0x00081c54       0x94 C:\Users\Cody\AppData\Local\VMicro\Arduino\Builds\MESi_Labs_Dev_Code\arduino_due_x_dbg\SD_Ada\utility\Sd2Card.cpp.o
 .text._ZN7Sd2Card11waitNotBusyEt
                0x00081ce8       0x26 C:\Users\Cody\AppData\Local\VMicro\Arduino\Builds\MESi_Labs_Dev_Code\arduino_due_x_dbg\SD_Ada\utility\Sd2Card.cpp.o
                0x00081ce8                Sd2Card::waitNotBusy(unsigned short)
 *fill*         0x00081d0e        0x2 00
 .text._ZN7Sd2Card10setSckRateEh
                0x00081d10       0x24 C:\Users\Cody\AppData\Local\VMicro\Arduino\Builds\MESi_Labs_Dev_Code\arduino_due_x_dbg\SD_Ada\utility\Sd2Card.cpp.o
                0x00081d10                Sd2Card::setSckRate(unsigned char)
 .text._ZN7Sd2Card13chipSelectLowEv
                0x00081d34        0x8 C:\Users\Cody\AppData\Local\VMicro\Arduino\Builds\MESi_Labs_Dev_Code\arduino_due_x_dbg\SD_Ada\utility\Sd2Card.cpp.o
                0x00081d34                Sd2Card::chipSelectLow()
 .text._ZN7Sd2Card14chipSelectHighEv
                0x00081d3c        0x8 C:\Users\Cody\AppData\Local\VMicro\Arduino\Builds\MESi_Labs_Dev_Code\arduino_due_x_dbg\SD_Ada\utility\Sd2Card.cpp.o
                0x00081d3c                Sd2Card::chipSelectHigh()
 .text._ZN7Sd2Card9writeDataEhPKh
                0x00081d44       0x7a C:\Users\Cody\AppData\Local\VMicro\Arduino\Builds\MESi_Labs_Dev_Code\arduino_due_x_dbg\SD_Ada\utility\Sd2Card.cpp.o
                0x00081d44                Sd2Card::writeData(unsigned char, unsigned char const*)
 .text._ZN7Sd2Card14waitStartBlockEv
                0x00081dbe       0x3e C:\Users\Cody\AppData\Local\VMicro\Arduino\Builds\MESi_Labs_Dev_Code\arduino_due_x_dbg\SD_Ada\utility\Sd2Card.cpp.o
                0x00081dbe                Sd2Card::waitStartBlock()
 .text._ZN7Sd2Card7readEndEv
                0x00081dfc       0x28 C:\Users\Cody\AppData\Local\VMicro\Arduino\Builds\MESi_Labs_Dev_Code\arduino_due_x_dbg\SD_Ada\utility\Sd2Card.cpp.o
                0x00081dfc                Sd2Card::readEnd()
 .text._ZN7Sd2Card11cardCommandEhm
                0x00081e24       0x6a C:\Users\Cody\AppData\Local\VMicro\Arduino\Builds\MESi_Labs_Dev_Code\arduino_due_x_dbg\SD_Ada\utility\Sd2Card.cpp.o
                0x00081e24                Sd2Card::cardCommand(unsigned char, unsigned long)
 .text._ZN7Sd2Card10writeBlockEmPKh
                0x00081e8e       0x6a C:\Users\Cody\AppData\Local\VMicro\Arduino\Builds\MESi_Labs_Dev_Code\arduino_due_x_dbg\SD_Ada\utility\Sd2Card.cpp.o
                0x00081e8e                Sd2Card::writeBlock(unsigned long, unsigned char const*)
 .text._ZN7Sd2Card8readDataEmttPh
                0x00081ef8       0xae C:\Users\Cody\AppData\Local\VMicro\Arduino\Builds\MESi_Labs_Dev_Code\arduino_due_x_dbg\SD_Ada\utility\Sd2Card.cpp.o
                0x00081ef8                Sd2Card::readData(unsigned long, unsigned short, unsigned short, unsigned char*)
 .text._ZN7Sd2Card9readBlockEmPh
                0x00081fa6       0x10 C:\Users\Cody\AppData\Local\VMicro\Arduino\Builds\MESi_Labs_Dev_Code\arduino_due_x_dbg\SD_Ada\utility\Sd2Card.cpp.o
                0x00081fa6                Sd2Card::readBlock(unsigned long, unsigned char*)
 *fill*         0x00081fb6        0x2 00
 .text._ZN7Sd2Card4initEhhaaa
                0x00081fb8      0x208 C:\Users\Cody\AppData\Local\VMicro\Arduino\Builds\MESi_Labs_Dev_Code\arduino_due_x_dbg\SD_Ada\utility\Sd2Card.cpp.o
                0x00081fb8                Sd2Card::init(unsigned char, unsigned char, signed char, signed char, signed char)
 .text._ZN6SdFile10make83NameEPKcPh
                0x000821c0       0x90 C:\Users\Cody\AppData\Local\VMicro\Arduino\Builds\MESi_Labs_Dev_Code\arduino_due_x_dbg\SD_Ada\utility\SdFile.cpp.o
                0x000821c0                SdFile::make83Name(char const*, unsigned char*)
 .text._ZN6SdFile7seekSetEm
                0x00082250       0x64 C:\Users\Cody\AppData\Local\VMicro\Arduino\Builds\MESi_Labs_Dev_Code\arduino_due_x_dbg\SD_Ada\utility\SdFile.cpp.o
                0x00082250                SdFile::seekSet(unsigned long)
 .text._ZN6SdFile13cacheDirEntryEh
                0x000822b4       0x1c C:\Users\Cody\AppData\Local\VMicro\Arduino\Builds\MESi_Labs_Dev_Code\arduino_due_x_dbg\SD_Ada\utility\SdFile.cpp.o
                0x000822b4                SdFile::cacheDirEntry(unsigned char)
 .text._ZN6SdFile4syncEv
                0x000822d0       0x7c C:\Users\Cody\AppData\Local\VMicro\Arduino\Builds\MESi_Labs_Dev_Code\arduino_due_x_dbg\SD_Ada\utility\SdFile.cpp.o
                0x000822d0                SdFile::sync()
 .text._ZN6SdFile5closeEv
                0x0008234c       0x14 C:\Users\Cody\AppData\Local\VMicro\Arduino\Builds\MESi_Labs_Dev_Code\arduino_due_x_dbg\SD_Ada\utility\SdFile.cpp.o
                0x0008234c                SdFile::close()
 .text._ZN6SdFile8truncateEm
                0x00082360       0xa8 C:\Users\Cody\AppData\Local\VMicro\Arduino\Builds\MESi_Labs_Dev_Code\arduino_due_x_dbg\SD_Ada\utility\SdFile.cpp.o
                0x00082360                SdFile::truncate(unsigned long)
 .text._ZN6SdFile4readEPvt
                0x00082408      0x114 C:\Users\Cody\AppData\Local\VMicro\Arduino\Builds\MESi_Labs_Dev_Code\arduino_due_x_dbg\SD_Ada\utility\SdFile.cpp.o
                0x00082408                SdFile::read(void*, unsigned short)
 .text._ZN6SdFile12readDirCacheEv
                0x0008251c       0x34 C:\Users\Cody\AppData\Local\VMicro\Arduino\Builds\MESi_Labs_Dev_Code\arduino_due_x_dbg\SD_Ada\utility\SdFile.cpp.o
                0x0008251c                SdFile::readDirCache()
 .text._ZN6SdFile8openRootEP8SdVolume
                0x00082550       0x4e C:\Users\Cody\AppData\Local\VMicro\Arduino\Builds\MESi_Labs_Dev_Code\arduino_due_x_dbg\SD_Ada\utility\SdFile.cpp.o
                0x00082550                SdFile::openRoot(SdVolume*)
 *fill*         0x0008259e        0x2 00
 .text._ZN6SdFile15openCachedEntryEhh
                0x000825a0       0x9c C:\Users\Cody\AppData\Local\VMicro\Arduino\Builds\MESi_Labs_Dev_Code\arduino_due_x_dbg\SD_Ada\utility\SdFile.cpp.o
                0x000825a0                SdFile::openCachedEntry(unsigned char, unsigned char)
 .text._ZN6SdFile10addClusterEv
                0x0008263c       0x30 C:\Users\Cody\AppData\Local\VMicro\Arduino\Builds\MESi_Labs_Dev_Code\arduino_due_x_dbg\SD_Ada\utility\SdFile.cpp.o
                0x0008263c                SdFile::addCluster()
 .text._ZN6SdFile5writeEPKvt
                0x0008266c      0x194 C:\Users\Cody\AppData\Local\VMicro\Arduino\Builds\MESi_Labs_Dev_Code\arduino_due_x_dbg\SD_Ada\utility\SdFile.cpp.o
                0x0008266c                SdFile::write(void const*, unsigned short)
 .text._ZN6SdFile5writeEh
                0x00082800       0x12 C:\Users\Cody\AppData\Local\VMicro\Arduino\Builds\MESi_Labs_Dev_Code\arduino_due_x_dbg\SD_Ada\utility\SdFile.cpp.o
                0x00082800                SdFile::write(unsigned char)
 .text._ZN6SdFile13addDirClusterEv
                0x00082812       0x48 C:\Users\Cody\AppData\Local\VMicro\Arduino\Builds\MESi_Labs_Dev_Code\arduino_due_x_dbg\SD_Ada\utility\SdFile.cpp.o
                0x00082812                SdFile::addDirCluster()
 *fill*         0x0008285a        0x2 00
 .text._ZN6SdFile4openEPS_PKch
                0x0008285c      0x124 C:\Users\Cody\AppData\Local\VMicro\Arduino\Builds\MESi_Labs_Dev_Code\arduino_due_x_dbg\SD_Ada\utility\SdFile.cpp.o
                0x0008285c                SdFile::open(SdFile*, char const*, unsigned char)
 .text._ZN8SdVolume10cacheFlushEv
                0x00082980       0x50 C:\Users\Cody\AppData\Local\VMicro\Arduino\Builds\MESi_Labs_Dev_Code\arduino_due_x_dbg\SD_Ada\utility\SdVolume.cpp.o
                0x00082980                SdVolume::cacheFlush()
 .text._ZN8SdVolume14cacheZeroBlockEm
                0x000829d0       0x3c C:\Users\Cody\AppData\Local\VMicro\Arduino\Builds\MESi_Labs_Dev_Code\arduino_due_x_dbg\SD_Ada\utility\SdVolume.cpp.o
                0x000829d0                SdVolume::cacheZeroBlock(unsigned long)
 .text._ZN8SdVolume13cacheRawBlockEmh
                0x00082a0c       0x44 C:\Users\Cody\AppData\Local\VMicro\Arduino\Builds\MESi_Labs_Dev_Code\arduino_due_x_dbg\SD_Ada\utility\SdVolume.cpp.o
                0x00082a0c                SdVolume::cacheRawBlock(unsigned long, unsigned char)
 .text._ZN8SdVolume4initEP7Sd2Cardh
                0x00082a50      0x11c C:\Users\Cody\AppData\Local\VMicro\Arduino\Builds\MESi_Labs_Dev_Code\arduino_due_x_dbg\SD_Ada\utility\SdVolume.cpp.o
                0x00082a50                SdVolume::init(Sd2Card*, unsigned char)
 .text._ZN8SdVolume6fatPutEmm
                0x00082b6c       0x84 C:\Users\Cody\AppData\Local\VMicro\Arduino\Builds\MESi_Labs_Dev_Code\arduino_due_x_dbg\SD_Ada\utility\SdVolume.cpp.o
                0x00082b6c                SdVolume::fatPut(unsigned long, unsigned long)
 .text._ZNK8SdVolume6fatGetEmPm
                0x00082bf0       0x64 C:\Users\Cody\AppData\Local\VMicro\Arduino\Builds\MESi_Labs_Dev_Code\arduino_due_x_dbg\SD_Ada\utility\SdVolume.cpp.o
                0x00082bf0                SdVolume::fatGet(unsigned long, unsigned long*) const
 .text._ZN8SdVolume9freeChainEm
                0x00082c54       0x44 C:\Users\Cody\AppData\Local\VMicro\Arduino\Builds\MESi_Labs_Dev_Code\arduino_due_x_dbg\SD_Ada\utility\SdVolume.cpp.o
                0x00082c54                SdVolume::freeChain(unsigned long)
 .text._ZNK8SdVolume9chainSizeEmPm
                0x00082c98       0x44 C:\Users\Cody\AppData\Local\VMicro\Arduino\Builds\MESi_Labs_Dev_Code\arduino_due_x_dbg\SD_Ada\utility\SdVolume.cpp.o
                0x00082c98                SdVolume::chainSize(unsigned long, unsigned long*) const
 .text._ZN8SdVolume15allocContiguousEmPm
                0x00082cdc       0xae C:\Users\Cody\AppData\Local\VMicro\Arduino\Builds\MESi_Labs_Dev_Code\arduino_due_x_dbg\SD_Ada\utility\SdVolume.cpp.o
                0x00082cdc                SdVolume::allocContiguous(unsigned long, unsigned long*)
 .text._ZN9SchedulerC1Ev
                0x00082d8a       0x12 C:\Users\Cody\AppData\Local\VMicro\Arduino\Builds\MESi_Labs_Dev_Code\arduino_due_x_dbg\Scheduler\Scheduler.cpp.o
                0x00082d8a                Scheduler::Scheduler()
 .text._ZN9Scheduler10defragmentEv
                0x00082d9c       0x76 C:\Users\Cody\AppData\Local\VMicro\Arduino\Builds\MESi_Labs_Dev_Code\arduino_due_x_dbg\Scheduler\Scheduler.cpp.o
                0x00082d9c                Scheduler::defragment()
 .text._ZN9Scheduler8scheduleEPFvvEj
                0x00082e12       0x36 C:\Users\Cody\AppData\Local\VMicro\Arduino\Builds\MESi_Labs_Dev_Code\arduino_due_x_dbg\Scheduler\Scheduler.cpp.o
                0x00082e12                Scheduler::schedule(void (*)(), unsigned int)
 .text._ZN9Scheduler6updateEv
                0x00082e48       0x74 C:\Users\Cody\AppData\Local\VMicro\Arduino\Builds\MESi_Labs_Dev_Code\arduino_due_x_dbg\Scheduler\Scheduler.cpp.o
                0x00082e48                Scheduler::update()
 .text._ZN17Adafruit_NeoPixel13setPixelColorEtm
                0x00082ebc       0x50 C:\Users\Cody\AppData\Local\VMicro\Arduino\Builds\MESi_Labs_Dev_Code\arduino_due_x_dbg\Adafruit_NeoPixel\Adafruit_NeoPixel.cpp.o
                0x00082ebc                Adafruit_NeoPixel::setPixelColor(unsigned short, unsigned long)
 .text._ZN17Adafruit_NeoPixel5ColorEhhh
                0x00082f0c        0xa C:\Users\Cody\AppData\Local\VMicro\Arduino\Builds\MESi_Labs_Dev_Code\arduino_due_x_dbg\Adafruit_NeoPixel\Adafruit_NeoPixel.cpp.o
                0x00082f0c                Adafruit_NeoPixel::Color(unsigned char, unsigned char, unsigned char)
 .text._ZN17Adafruit_NeoPixel13setBrightnessEh
                0x00082f16       0x54 C:\Users\Cody\AppData\Local\VMicro\Arduino\Builds\MESi_Labs_Dev_Code\arduino_due_x_dbg\Adafruit_NeoPixel\Adafruit_NeoPixel.cpp.o
                0x00082f16                Adafruit_NeoPixel::setBrightness(unsigned char)
 *fill*         0x00082f6a        0x2 00
 .text._ZN17Adafruit_NeoPixel4showEv
                0x00082f6c       0xd8 C:\Users\Cody\AppData\Local\VMicro\Arduino\Builds\MESi_Labs_Dev_Code\arduino_due_x_dbg\Adafruit_NeoPixel\Adafruit_NeoPixel.cpp.o
                0x00082f6c                Adafruit_NeoPixel::show()
 .text._ZN17Adafruit_NeoPixel5beginEv
                0x00083044       0x18 C:\Users\Cody\AppData\Local\VMicro\Arduino\Builds\MESi_Labs_Dev_Code\arduino_due_x_dbg\Adafruit_NeoPixel\Adafruit_NeoPixel.cpp.o
                0x00083044                Adafruit_NeoPixel::begin()
 .text._ZN17Adafruit_NeoPixelC1Ethh
                0x0008305c       0x2a C:\Users\Cody\AppData\Local\VMicro\Arduino\Builds\MESi_Labs_Dev_Code\arduino_due_x_dbg\Adafruit_NeoPixel\Adafruit_NeoPixel.cpp.o
                0x0008305c                Adafruit_NeoPixel::Adafruit_NeoPixel(unsigned short, unsigned char, unsigned char)
 .text._ZN8DateTimeC1Ethhhhh
                0x00083086       0x2c C:\Users\Cody\AppData\Local\VMicro\Arduino\Builds\MESi_Labs_Dev_Code\arduino_due_x_dbg\RTC_Ada\RTClib.cpp.o
                0x00083086                DateTime::DateTime(unsigned short, unsigned char, unsigned char, unsigned char, unsigned char, unsigned char)
 .text._ZL7bcd2binh
                0x000830b2        0xe C:\Users\Cody\AppData\Local\VMicro\Arduino\Builds\MESi_Labs_Dev_Code\arduino_due_x_dbg\RTC_Ada\RTClib.cpp.o
 .text._ZN10RTC_DS13075beginEv
                0x000830c0        0x4 C:\Users\Cody\AppData\Local\VMicro\Arduino\Builds\MESi_Labs_Dev_Code\arduino_due_x_dbg\RTC_Ada\RTClib.cpp.o
                0x000830c0                RTC_DS1307::begin()
 .text._ZN10RTC_DS13073nowEv
                0x000830c4       0xa8 C:\Users\Cody\AppData\Local\VMicro\Arduino\Builds\MESi_Labs_Dev_Code\arduino_due_x_dbg\RTC_Ada\RTClib.cpp.o
                0x000830c4                RTC_DS1307::now()
 .text._ZN10RTC_DS13079isrunningEv
                0x0008316c       0x38 C:\Users\Cody\AppData\Local\VMicro\Arduino\Builds\MESi_Labs_Dev_Code\arduino_due_x_dbg\RTC_Ada\RTClib.cpp.o
                0x0008316c                RTC_DS1307::isrunning()
 .text._ZN9RTC_clock12current_timeEv
                0x000831a4       0x14 C:\Users\Cody\AppData\Local\VMicro\Arduino\Builds\MESi_Labs_Dev_Code\arduino_due_x_dbg\Due_RTC\rtc_clock.cpp.o
                0x000831a4                RTC_clock::current_time()
 .text._ZN9RTC_clock9get_hoursEv
                0x000831b8       0x1e C:\Users\Cody\AppData\Local\VMicro\Arduino\Builds\MESi_Labs_Dev_Code\arduino_due_x_dbg\Due_RTC\rtc_clock.cpp.o
                0x000831b8                RTC_clock::get_hours()
 .text._ZN9RTC_clock11get_minutesEv
                0x000831d6       0x1e C:\Users\Cody\AppData\Local\VMicro\Arduino\Builds\MESi_Labs_Dev_Code\arduino_due_x_dbg\Due_RTC\rtc_clock.cpp.o
                0x000831d6                RTC_clock::get_minutes()
 .text._ZN9RTC_clock11get_secondsEv
                0x000831f4       0x1c C:\Users\Cody\AppData\Local\VMicro\Arduino\Builds\MESi_Labs_Dev_Code\arduino_due_x_dbg\Due_RTC\rtc_clock.cpp.o
                0x000831f4                RTC_clock::get_seconds()
 .text._ZN9RTC_clock21calculate_day_of_weekEtii
                0x00083210       0x46 C:\Users\Cody\AppData\Local\VMicro\Arduino\Builds\MESi_Labs_Dev_Code\arduino_due_x_dbg\Due_RTC\rtc_clock.cpp.o
                0x00083210                RTC_clock::calculate_day_of_week(unsigned short, int, int)
 *fill*         0x00083256        0x2 00
 .text._ZN9RTC_clock12current_dateEv
                0x00083258       0x14 C:\Users\Cody\AppData\Local\VMicro\Arduino\Builds\MESi_Labs_Dev_Code\arduino_due_x_dbg\Due_RTC\rtc_clock.cpp.o
                0x00083258                RTC_clock::current_date()
 .text._ZN9RTC_clock9get_yearsEv
                0x0008326c       0x36 C:\Users\Cody\AppData\Local\VMicro\Arduino\Builds\MESi_Labs_Dev_Code\arduino_due_x_dbg\Due_RTC\rtc_clock.cpp.o
                0x0008326c                RTC_clock::get_years()
 .text._ZN9RTC_clock10get_monthsEv
                0x000832a2       0x1e C:\Users\Cody\AppData\Local\VMicro\Arduino\Builds\MESi_Labs_Dev_Code\arduino_due_x_dbg\Due_RTC\rtc_clock.cpp.o
                0x000832a2                RTC_clock::get_months()
 .text._ZN9RTC_clock8get_daysEv
                0x000832c0       0x1e C:\Users\Cody\AppData\Local\VMicro\Arduino\Builds\MESi_Labs_Dev_Code\arduino_due_x_dbg\Due_RTC\rtc_clock.cpp.o
                0x000832c0                RTC_clock::get_days()
 .text._ZN9RTC_clock12switch_yearsEt
                0x000832de       0x30 C:\Users\Cody\AppData\Local\VMicro\Arduino\Builds\MESi_Labs_Dev_Code\arduino_due_x_dbg\Due_RTC\rtc_clock.cpp.o
                0x000832de                RTC_clock::switch_years(unsigned short)
 *fill*         0x0008330e        0x2 00
 .text.RTC_Handler
                0x00083310       0x38 C:\Users\Cody\AppData\Local\VMicro\Arduino\Builds\MESi_Labs_Dev_Code\arduino_due_x_dbg\Due_RTC\rtc_clock.cpp.o
                0x00083310                RTC_Handler
 .text._ZN9RTC_clock8set_dateEiit
                0x00083348       0x4c C:\Users\Cody\AppData\Local\VMicro\Arduino\Builds\MESi_Labs_Dev_Code\arduino_due_x_dbg\Due_RTC\rtc_clock.cpp.o
                0x00083348                RTC_clock::set_date(int, int, unsigned short)
 .text._ZN9RTC_clock8set_timeEiii
                0x00083394       0x18 C:\Users\Cody\AppData\Local\VMicro\Arduino\Builds\MESi_Labs_Dev_Code\arduino_due_x_dbg\Due_RTC\rtc_clock.cpp.o
                0x00083394                RTC_clock::set_time(int, int, int)
 .text._ZN9RTC_clockC1Ei
                0x000833ac       0x1a C:\Users\Cody\AppData\Local\VMicro\Arduino\Builds\MESi_Labs_Dev_Code\arduino_due_x_dbg\Due_RTC\rtc_clock.cpp.o
                0x000833ac                RTC_clock::RTC_clock(int)
 .text.PIO_DisableInterrupt
                0x000833c6        0x4 C:\Users\Cody\Google Drive\MESi Labs\Software\Arduino IDE\Arduino-1.5.5-r2\hardware\arduino\sam\variants\arduino_due_x/libsam_sam3x8e_gcc_rel.a(pio.o)
                0x000833c6                PIO_DisableInterrupt
 .text.PIO_PullUp
                0x000833ca        0xa C:\Users\Cody\Google Drive\MESi Labs\Software\Arduino IDE\Arduino-1.5.5-r2\hardware\arduino\sam\variants\arduino_due_x/libsam_sam3x8e_gcc_rel.a(pio.o)
                0x000833ca                PIO_PullUp
 .text.PIO_Get  0x000833d4       0x16 C:\Users\Cody\Google Drive\MESi Labs\Software\Arduino IDE\Arduino-1.5.5-r2\hardware\arduino\sam\variants\arduino_due_x/libsam_sam3x8e_gcc_rel.a(pio.o)
                0x000833d4                PIO_Get
 .text.PIO_SetPeripheral
                0x000833ea       0x2a C:\Users\Cody\Google Drive\MESi Labs\Software\Arduino IDE\Arduino-1.5.5-r2\hardware\arduino\sam\variants\arduino_due_x/libsam_sam3x8e_gcc_rel.a(pio.o)
                0x000833ea                PIO_SetPeripheral
 .text.PIO_SetInput
                0x00083414       0x40 C:\Users\Cody\Google Drive\MESi Labs\Software\Arduino IDE\Arduino-1.5.5-r2\hardware\arduino\sam\variants\arduino_due_x/libsam_sam3x8e_gcc_rel.a(pio.o)
                0x00083414                PIO_SetInput
 .text.PIO_SetOutput
                0x00083454       0x38 C:\Users\Cody\Google Drive\MESi Labs\Software\Arduino IDE\Arduino-1.5.5-r2\hardware\arduino\sam\variants\arduino_due_x/libsam_sam3x8e_gcc_rel.a(pio.o)
                0x00083454                PIO_SetOutput
 .text.PIO_Configure
                0x0008348c       0x74 C:\Users\Cody\Google Drive\MESi Labs\Software\Arduino IDE\Arduino-1.5.5-r2\hardware\arduino\sam\variants\arduino_due_x/libsam_sam3x8e_gcc_rel.a(pio.o)
                0x0008348c                PIO_Configure
 .text.PIO_GetOutputDataStatus
                0x00083500       0x16 C:\Users\Cody\Google Drive\MESi Labs\Software\Arduino IDE\Arduino-1.5.5-r2\hardware\arduino\sam\variants\arduino_due_x/libsam_sam3x8e_gcc_rel.a(pio.o)
                0x00083500                PIO_GetOutputDataStatus
 *fill*         0x00083516        0x2 00
 .text.pmc_switch_sclk_to_32kxtal
                0x00083518       0x28 C:\Users\Cody\Google Drive\MESi Labs\Software\Arduino IDE\Arduino-1.5.5-r2\hardware\arduino\sam\variants\arduino_due_x/libsam_sam3x8e_gcc_rel.a(pmc.o)
                0x00083518                pmc_switch_sclk_to_32kxtal
 .text.pmc_osc_is_ready_32kxtal
                0x00083540       0x1c C:\Users\Cody\Google Drive\MESi Labs\Software\Arduino IDE\Arduino-1.5.5-r2\hardware\arduino\sam\variants\arduino_due_x/libsam_sam3x8e_gcc_rel.a(pmc.o)
                0x00083540                pmc_osc_is_ready_32kxtal
 .text.pmc_enable_upll_clock
                0x0008355c       0x18 C:\Users\Cody\Google Drive\MESi Labs\Software\Arduino IDE\Arduino-1.5.5-r2\hardware\arduino\sam\variants\arduino_due_x/libsam_sam3x8e_gcc_rel.a(pmc.o)
                0x0008355c                pmc_enable_upll_clock
 .text.pmc_enable_periph_clk
                0x00083574       0x48 C:\Users\Cody\Google Drive\MESi Labs\Software\Arduino IDE\Arduino-1.5.5-r2\hardware\arduino\sam\variants\arduino_due_x/libsam_sam3x8e_gcc_rel.a(pmc.o)
                0x00083574                pmc_enable_periph_clk
 .text.pmc_disable_periph_clk
                0x000835bc       0x48 C:\Users\Cody\Google Drive\MESi Labs\Software\Arduino IDE\Arduino-1.5.5-r2\hardware\arduino\sam\variants\arduino_due_x/libsam_sam3x8e_gcc_rel.a(pmc.o)
                0x000835bc                pmc_disable_periph_clk
 .text.pmc_switch_udpck_to_upllck
                0x00083604       0x14 C:\Users\Cody\Google Drive\MESi Labs\Software\Arduino IDE\Arduino-1.5.5-r2\hardware\arduino\sam\variants\arduino_due_x/libsam_sam3x8e_gcc_rel.a(pmc.o)
                0x00083604                pmc_switch_udpck_to_upllck
 .text.pmc_enable_udpck
                0x00083618        0xc C:\Users\Cody\Google Drive\MESi Labs\Software\Arduino IDE\Arduino-1.5.5-r2\hardware\arduino\sam\variants\arduino_due_x/libsam_sam3x8e_gcc_rel.a(pmc.o)
                0x00083618                pmc_enable_udpck
 .text.pmc_set_writeprotect
                0x00083624       0x1c C:\Users\Cody\Google Drive\MESi Labs\Software\Arduino IDE\Arduino-1.5.5-r2\hardware\arduino\sam\variants\arduino_due_x/libsam_sam3x8e_gcc_rel.a(pmc.o)
                0x00083624                pmc_set_writeprotect
 .text.RTC_EnableIt
                0x00083640       0x28 C:\Users\Cody\Google Drive\MESi Labs\Software\Arduino IDE\Arduino-1.5.5-r2\hardware\arduino\sam\variants\arduino_due_x/libsam_sam3x8e_gcc_rel.a(rtc.o)
                0x00083640                RTC_EnableIt
 .text.RTC_DisableIt
                0x00083668       0x28 C:\Users\Cody\Google Drive\MESi Labs\Software\Arduino IDE\Arduino-1.5.5-r2\hardware\arduino\sam\variants\arduino_due_x/libsam_sam3x8e_gcc_rel.a(rtc.o)
                0x00083668                RTC_DisableIt
 .text.RTC_SetTime
                0x00083690       0x88 C:\Users\Cody\Google Drive\MESi Labs\Software\Arduino IDE\Arduino-1.5.5-r2\hardware\arduino\sam\variants\arduino_due_x/libsam_sam3x8e_gcc_rel.a(rtc.o)
                0x00083690                RTC_SetTime
 .text.RTC_SetDate
                0x00083718       0xc4 C:\Users\Cody\Google Drive\MESi Labs\Software\Arduino IDE\Arduino-1.5.5-r2\hardware\arduino\sam\variants\arduino_due_x/libsam_sam3x8e_gcc_rel.a(rtc.o)
                0x00083718                RTC_SetDate
 .text.RTC_ClearSCCR
                0x000837dc        0x8 C:\Users\Cody\Google Drive\MESi Labs\Software\Arduino IDE\Arduino-1.5.5-r2\hardware\arduino\sam\variants\arduino_due_x/libsam_sam3x8e_gcc_rel.a(rtc.o)
                0x000837dc                RTC_ClearSCCR
 .text.SPI_Enable
                0x000837e4        0x6 C:\Users\Cody\Google Drive\MESi Labs\Software\Arduino IDE\Arduino-1.5.5-r2\hardware\arduino\sam\variants\arduino_due_x/libsam_sam3x8e_gcc_rel.a(spi.o)
                0x000837e4                SPI_Enable
 *fill*         0x000837ea        0x2 00
 .text.SPI_Configure
                0x000837ec       0x20 C:\Users\Cody\Google Drive\MESi Labs\Software\Arduino IDE\Arduino-1.5.5-r2\hardware\arduino\sam\variants\arduino_due_x/libsam_sam3x8e_gcc_rel.a(spi.o)
                0x000837ec                SPI_Configure
 .text.SPI_ConfigureNPCS
                0x0008380c        0x8 C:\Users\Cody\Google Drive\MESi Labs\Software\Arduino IDE\Arduino-1.5.5-r2\hardware\arduino\sam\variants\arduino_due_x/libsam_sam3x8e_gcc_rel.a(spi.o)
                0x0008380c                SPI_ConfigureNPCS
 .text.TC_Configure
                0x00083814       0x38 C:\Users\Cody\Google Drive\MESi Labs\Software\Arduino IDE\Arduino-1.5.5-r2\hardware\arduino\sam\variants\arduino_due_x/libsam_sam3x8e_gcc_rel.a(tc.o)
                0x00083814                TC_Configure
 .text.TC_Start
                0x0008384c       0x2c C:\Users\Cody\Google Drive\MESi Labs\Software\Arduino IDE\Arduino-1.5.5-r2\hardware\arduino\sam\variants\arduino_due_x/libsam_sam3x8e_gcc_rel.a(tc.o)
                0x0008384c                TC_Start
 .text.TC_Stop  0x00083878       0x2c C:\Users\Cody\Google Drive\MESi Labs\Software\Arduino IDE\Arduino-1.5.5-r2\hardware\arduino\sam\variants\arduino_due_x/libsam_sam3x8e_gcc_rel.a(tc.o)
                0x00083878                TC_Stop
 .text.TWI_ConfigureMaster
                0x000838a4       0x70 C:\Users\Cody\Google Drive\MESi Labs\Software\Arduino IDE\Arduino-1.5.5-r2\hardware\arduino\sam\variants\arduino_due_x/libsam_sam3x8e_gcc_rel.a(twi.o)
                0x000838a4                TWI_ConfigureMaster
 .text.TWI_Stop
                0x00083914       0x28 C:\Users\Cody\Google Drive\MESi Labs\Software\Arduino IDE\Arduino-1.5.5-r2\hardware\arduino\sam\variants\arduino_due_x/libsam_sam3x8e_gcc_rel.a(twi.o)
                0x00083914                TWI_Stop
 .text.TWI_StartRead
                0x0008393c       0x74 C:\Users\Cody\Google Drive\MESi Labs\Software\Arduino IDE\Arduino-1.5.5-r2\hardware\arduino\sam\variants\arduino_due_x/libsam_sam3x8e_gcc_rel.a(twi.o)
                0x0008393c                TWI_StartRead
 .text.TWI_ReadByte
                0x000839b0       0x28 C:\Users\Cody\Google Drive\MESi Labs\Software\Arduino IDE\Arduino-1.5.5-r2\hardware\arduino\sam\variants\arduino_due_x/libsam_sam3x8e_gcc_rel.a(twi.o)
                0x000839b0                TWI_ReadByte
 .text.TWI_WriteByte
                0x000839d8       0x24 C:\Users\Cody\Google Drive\MESi Labs\Software\Arduino IDE\Arduino-1.5.5-r2\hardware\arduino\sam\variants\arduino_due_x/libsam_sam3x8e_gcc_rel.a(twi.o)
                0x000839d8                TWI_WriteByte
 .text.TWI_StartWrite
                0x000839fc       0x80 C:\Users\Cody\Google Drive\MESi Labs\Software\Arduino IDE\Arduino-1.5.5-r2\hardware\arduino\sam\variants\arduino_due_x/libsam_sam3x8e_gcc_rel.a(twi.o)
                0x000839fc                TWI_StartWrite
 .text.TWI_EnableIt
                0x00083a7c       0x40 C:\Users\Cody\Google Drive\MESi Labs\Software\Arduino IDE\Arduino-1.5.5-r2\hardware\arduino\sam\variants\arduino_due_x/libsam_sam3x8e_gcc_rel.a(twi.o)
                0x00083a7c                TWI_EnableIt
 .text.TWI_DisableIt
                0x00083abc       0x40 C:\Users\Cody\Google Drive\MESi Labs\Software\Arduino IDE\Arduino-1.5.5-r2\hardware\arduino\sam\variants\arduino_due_x/libsam_sam3x8e_gcc_rel.a(twi.o)
                0x00083abc                TWI_DisableIt
 .text.TWI_GetStatus
                0x00083afc       0x28 C:\Users\Cody\Google Drive\MESi Labs\Software\Arduino IDE\Arduino-1.5.5-r2\hardware\arduino\sam\variants\arduino_due_x/libsam_sam3x8e_gcc_rel.a(twi.o)
                0x00083afc                TWI_GetStatus
 .text.TWI_SendSTOPCondition
                0x00083b24       0x2c C:\Users\Cody\Google Drive\MESi Labs\Software\Arduino IDE\Arduino-1.5.5-r2\hardware\arduino\sam\variants\arduino_due_x/libsam_sam3x8e_gcc_rel.a(twi.o)
                0x00083b24                TWI_SendSTOPCondition
 .text.Reset_Handler
                0x00083b50       0x70 C:\Users\Cody\Google Drive\MESi Labs\Software\Arduino IDE\Arduino-1.5.5-r2\hardware\arduino\sam\variants\arduino_due_x/libsam_sam3x8e_gcc_rel.a(startup_sam3xa.o)
                0x00083b50                Reset_Handler
 .text.UOTGHS_Handler
                0x00083bc0       0x10 C:\Users\Cody\Google Drive\MESi Labs\Software\Arduino IDE\Arduino-1.5.5-r2\hardware\arduino\sam\variants\arduino_due_x/libsam_sam3x8e_gcc_rel.a(uotghs.o)
                0x00083bc0                UOTGHS_Handler
 .text.__halt   0x00083bd0        0x2 C:\Users\Cody\AppData\Local\VMicro\Arduino\Builds\MESi_Labs_Dev_Code\arduino_due_x_dbg/core.a(cortex_handlers.c.o)
                0x00083bd0                DACC_Handler
                0x00083bd0                DebugMon_Handler
                0x00083bd0                DMAC_Handler
                0x00083bd0                TRNG_Handler
                0x00083bd0                HardFault_Handler
                0x00083bd0                TC2_Handler
                0x00083bd0                NMI_Handler
                0x00083bd0                TC7_Handler
                0x00083bd0                ADC_Handler
                0x00083bd0                SMC_Handler
                0x00083bd0                RTT_Handler
                0x00083bd0                EFC1_Handler
                0x00083bd0                PIOB_Handler
                0x00083bd0                UsageFault_Handler
                0x00083bd0                TC6_Handler
                0x00083bd0                WDT_Handler
                0x00083bd0                CAN0_Handler
                0x00083bd0                TC4_Handler
                0x00083bd0                TC1_Handler
                0x00083bd0                HSMCI_Handler
                0x00083bd0                TC3_Handler
                0x00083bd0                PIOA_Handler
                0x00083bd0                SSC_Handler
                0x00083bd0                EFC0_Handler
                0x00083bd0                PMC_Handler
                0x00083bd0                PWM_Handler
                0x00083bd0                CAN1_Handler
                0x00083bd0                MemManage_Handler
                0x00083bd0                SUPC_Handler
                0x00083bd0                TC8_Handler
                0x00083bd0                USART2_Handler
                0x00083bd0                PIOD_Handler
                0x00083bd0                EMAC_Handler
                0x00083bd0                PIOC_Handler
                0x00083bd0                BusFault_Handler
                0x00083bd0                RSTC_Handler
                0x00083bd0                TC0_Handler
                0x00083bd0                TC5_Handler
                0x00083bd0                SPI0_Handler
 .text.SysTick_Handler
                0x00083bd2       0x16 C:\Users\Cody\AppData\Local\VMicro\Arduino\Builds\MESi_Labs_Dev_Code\arduino_due_x_dbg/core.a(cortex_handlers.c.o)
                0x00083bd2                SysTick_Handler
 .text.PendSV_Handler
                0x00083be8        0x4 C:\Users\Cody\AppData\Local\VMicro\Arduino\Builds\MESi_Labs_Dev_Code\arduino_due_x_dbg/core.a(cortex_handlers.c.o)
                0x00083be8                PendSV_Handler
 .text.SVC_Handler
                0x00083bec        0x4 C:\Users\Cody\AppData\Local\VMicro\Arduino\Builds\MESi_Labs_Dev_Code\arduino_due_x_dbg/core.a(cortex_handlers.c.o)
                0x00083bec                SVC_Handler
 .text.__empty  0x00083bf0        0x2 C:\Users\Cody\AppData\Local\VMicro\Arduino\Builds\MESi_Labs_Dev_Code\arduino_due_x_dbg/core.a(hooks.c.o)
                0x00083bf0                yield
 .text.__false  0x00083bf2        0x4 C:\Users\Cody\AppData\Local\VMicro\Arduino\Builds\MESi_Labs_Dev_Code\arduino_due_x_dbg/core.a(hooks.c.o)
                0x00083bf2                sysTickHook
 .text.__halt   0x00083bf6        0x2 C:\Users\Cody\AppData\Local\VMicro\Arduino\Builds\MESi_Labs_Dev_Code\arduino_due_x_dbg/core.a(hooks.c.o)
                0x00083bf6                svcHook
                0x00083bf6                pendSVHook
 .text.micros   0x00083bf8       0x7c C:\Users\Cody\AppData\Local\VMicro\Arduino\Builds\MESi_Labs_Dev_Code\arduino_due_x_dbg/core.a(wiring.c.o)
                0x00083bf8                micros
 .text.millis   0x00083c74        0x4 C:\Users\Cody\AppData\Local\VMicro\Arduino\Builds\MESi_Labs_Dev_Code\arduino_due_x_dbg/core.a(wiring.c.o)
                0x00083c74                millis
 .text.delay    0x00083c78       0x1a C:\Users\Cody\AppData\Local\VMicro\Arduino\Builds\MESi_Labs_Dev_Code\arduino_due_x_dbg/core.a(wiring.c.o)
                0x00083c78                delay
 *fill*         0x00083c92        0x2 00
 .text.digitalRead
                0x00083c94       0x28 C:\Users\Cody\AppData\Local\VMicro\Arduino\Builds\MESi_Labs_Dev_Code\arduino_due_x_dbg/core.a(wiring_digital.c.o)
                0x00083c94                digitalRead
 .text.digitalWrite
                0x00083cbc       0x48 C:\Users\Cody\AppData\Local\VMicro\Arduino\Builds\MESi_Labs_Dev_Code\arduino_due_x_dbg/core.a(wiring_digital.c.o)
                0x00083cbc                digitalWrite
 .text.pinMode  0x00083d04       0x68 C:\Users\Cody\AppData\Local\VMicro\Arduino\Builds\MESi_Labs_Dev_Code\arduino_due_x_dbg/core.a(wiring_digital.c.o)
                0x00083d04                pinMode
 .text.main     0x00083d6c       0x30 C:\Users\Cody\AppData\Local\VMicro\Arduino\Builds\MESi_Labs_Dev_Code\arduino_due_x_dbg/core.a(main.cpp.o)
                0x00083d6c                main
 .text._ZN5Print5writeEPKhj
                0x00083d9c       0x2e C:\Users\Cody\AppData\Local\VMicro\Arduino\Builds\MESi_Labs_Dev_Code\arduino_due_x_dbg/core.a(Print.cpp.o)
                0x00083d9c                Print::write(unsigned char const*, unsigned int)
 .text._ZN5Print5printEc
                0x00083dca        0xa C:\Users\Cody\AppData\Local\VMicro\Arduino\Builds\MESi_Labs_Dev_Code\arduino_due_x_dbg/core.a(Print.cpp.o)
                0x00083dca                Print::print(char)
 .text._ZN5Print7printlnEv
                0x00083dd4       0x18 C:\Users\Cody\AppData\Local\VMicro\Arduino\Builds\MESi_Labs_Dev_Code\arduino_due_x_dbg/core.a(Print.cpp.o)
                0x00083dd4                Print::println()
 .text._ZN5Print5writeEPKc
                0x00083dec       0x20 C:\Users\Cody\AppData\Local\VMicro\Arduino\Builds\MESi_Labs_Dev_Code\arduino_due_x_dbg/core.a(Print.cpp.o)
                0x00083dec                Print::write(char const*)
 .text._ZN5Print11printNumberEmh
                0x00083e0c       0x3e C:\Users\Cody\AppData\Local\VMicro\Arduino\Builds\MESi_Labs_Dev_Code\arduino_due_x_dbg/core.a(Print.cpp.o)
                0x00083e0c                Print::printNumber(unsigned long, unsigned char)
 .text._ZN5Print5printEmi
                0x00083e4a       0x1a C:\Users\Cody\AppData\Local\VMicro\Arduino\Builds\MESi_Labs_Dev_Code\arduino_due_x_dbg/core.a(Print.cpp.o)
                0x00083e4a                Print::print(unsigned long, int)
 .text._ZN5Print5printEhi
                0x00083e64        0x4 C:\Users\Cody\AppData\Local\VMicro\Arduino\Builds\MESi_Labs_Dev_Code\arduino_due_x_dbg/core.a(Print.cpp.o)
                0x00083e64                Print::print(unsigned char, int)
 .text._ZN5Print5printEli
                0x00083e68       0x42 C:\Users\Cody\AppData\Local\VMicro\Arduino\Builds\MESi_Labs_Dev_Code\arduino_due_x_dbg/core.a(Print.cpp.o)
                0x00083e68                Print::print(long, int)
 .text._ZN5Print5printEii
                0x00083eaa        0x4 C:\Users\Cody\AppData\Local\VMicro\Arduino\Builds\MESi_Labs_Dev_Code\arduino_due_x_dbg/core.a(Print.cpp.o)
                0x00083eaa                Print::print(int, int)
 .text._ZN5Print5printEPKc
                0x00083eae        0x4 C:\Users\Cody\AppData\Local\VMicro\Arduino\Builds\MESi_Labs_Dev_Code\arduino_due_x_dbg/core.a(Print.cpp.o)
                0x00083eae                Print::print(char const*)
 *fill*         0x00083eb2        0x2 00
 .text._ZN5Print10printFloatEdh
                0x00083eb4      0x13c C:\Users\Cody\AppData\Local\VMicro\Arduino\Builds\MESi_Labs_Dev_Code\arduino_due_x_dbg/core.a(Print.cpp.o)
                0x00083eb4                Print::printFloat(double, unsigned char)
 .text._ZN5Print5printEdi
                0x00083ff0        0xa C:\Users\Cody\AppData\Local\VMicro\Arduino\Builds\MESi_Labs_Dev_Code\arduino_due_x_dbg/core.a(Print.cpp.o)
                0x00083ff0                Print::print(double, int)
 .text._ZN5Print7printlnEPKc
                0x00083ffa       0x14 C:\Users\Cody\AppData\Local\VMicro\Arduino\Builds\MESi_Labs_Dev_Code\arduino_due_x_dbg/core.a(Print.cpp.o)
                0x00083ffa                Print::println(char const*)
 .text._ZN5Print5printERK6String
                0x0008400e       0x34 C:\Users\Cody\AppData\Local\VMicro\Arduino\Builds\MESi_Labs_Dev_Code\arduino_due_x_dbg/core.a(Print.cpp.o)
                0x0008400e                Print::print(String const&)
 .text._ZN5Print7printlnERK6String
                0x00084042       0x14 C:\Users\Cody\AppData\Local\VMicro\Arduino\Builds\MESi_Labs_Dev_Code\arduino_due_x_dbg/core.a(Print.cpp.o)
                0x00084042                Print::println(String const&)
 *fill*         0x00084056        0x2 00
 .text.initiateReset
                0x00084058        0xc C:\Users\Cody\AppData\Local\VMicro\Arduino\Builds\MESi_Labs_Dev_Code\arduino_due_x_dbg/core.a(Reset.cpp.o)
                0x00084058                initiateReset
 .text.cancelReset
                0x00084064       0x10 C:\Users\Cody\AppData\Local\VMicro\Arduino\Builds\MESi_Labs_Dev_Code\arduino_due_x_dbg/core.a(Reset.cpp.o)
                0x00084064                cancelReset
 .text.tickReset
                0x00084074       0x20 C:\Users\Cody\AppData\Local\VMicro\Arduino\Builds\MESi_Labs_Dev_Code\arduino_due_x_dbg/core.a(Reset.cpp.o)
                0x00084074                tickReset
 .text._ZN9UARTClasscvbEv
                0x00084094        0x4 C:\Users\Cody\AppData\Local\VMicro\Arduino\Builds\MESi_Labs_Dev_Code\arduino_due_x_dbg/core.a(UARTClass.cpp.o)
                0x00084094                UARTClass::operator bool()
 .text._ZN9UARTClassC1EP4Uart4IRQnmP10RingBuffer
                0x00084098       0x24 C:\Users\Cody\AppData\Local\VMicro\Arduino\Builds\MESi_Labs_Dev_Code\arduino_due_x_dbg/core.a(UARTClass.cpp.o)
                0x00084098                UARTClass::UARTClass(Uart*, IRQn, unsigned long, RingBuffer*)
 .text._ZN9UARTClass9availableEv
                0x000840bc        0xe C:\Users\Cody\AppData\Local\VMicro\Arduino\Builds\MESi_Labs_Dev_Code\arduino_due_x_dbg/core.a(UARTClass.cpp.o)
                0x000840bc                UARTClass::available()
 .text._ZN9UARTClass4peekEv
                0x000840ca       0x12 C:\Users\Cody\AppData\Local\VMicro\Arduino\Builds\MESi_Labs_Dev_Code\arduino_due_x_dbg/core.a(UARTClass.cpp.o)
                0x000840ca                UARTClass::peek()
 .text._ZN9UARTClass4readEv
                0x000840dc       0x1c C:\Users\Cody\AppData\Local\VMicro\Arduino\Builds\MESi_Labs_Dev_Code\arduino_due_x_dbg/core.a(UARTClass.cpp.o)
                0x000840dc                UARTClass::read()
 .text._ZN9UARTClass5flushEv
                0x000840f8        0xc C:\Users\Cody\AppData\Local\VMicro\Arduino\Builds\MESi_Labs_Dev_Code\arduino_due_x_dbg/core.a(UARTClass.cpp.o)
                0x000840f8                UARTClass::flush()
 .text._ZN9UARTClass5writeEh
                0x00084104       0x10 C:\Users\Cody\AppData\Local\VMicro\Arduino\Builds\MESi_Labs_Dev_Code\arduino_due_x_dbg/core.a(UARTClass.cpp.o)
                0x00084104                UARTClass::write(unsigned char)
 .text._ZN9UARTClass10IrqHandlerEv
                0x00084114       0x2a C:\Users\Cody\AppData\Local\VMicro\Arduino\Builds\MESi_Labs_Dev_Code\arduino_due_x_dbg/core.a(UARTClass.cpp.o)
                0x00084114                UARTClass::IrqHandler()
 *fill*         0x0008413e        0x2 00
 .text._ZN9UARTClass5beginEm
                0x00084140       0x5c C:\Users\Cody\AppData\Local\VMicro\Arduino\Builds\MESi_Labs_Dev_Code\arduino_due_x_dbg/core.a(UARTClass.cpp.o)
                0x00084140                UARTClass::begin(unsigned long)
 .text._ZN10USARTClasscvbEv
                0x0008419c        0x4 C:\Users\Cody\AppData\Local\VMicro\Arduino\Builds\MESi_Labs_Dev_Code\arduino_due_x_dbg/core.a(USARTClass.cpp.o)
                0x0008419c                USARTClass::operator bool()
 .text._ZN10USARTClassC1EP5Usart4IRQnmP10RingBuffer
                0x000841a0       0x24 C:\Users\Cody\AppData\Local\VMicro\Arduino\Builds\MESi_Labs_Dev_Code\arduino_due_x_dbg/core.a(USARTClass.cpp.o)
                0x000841a0                USARTClass::USARTClass(Usart*, IRQn, unsigned long, RingBuffer*)
 .text._ZN10USARTClass9availableEv
                0x000841c4        0xe C:\Users\Cody\AppData\Local\VMicro\Arduino\Builds\MESi_Labs_Dev_Code\arduino_due_x_dbg/core.a(USARTClass.cpp.o)
                0x000841c4                USARTClass::available()
 .text._ZN10USARTClass4peekEv
                0x000841d2       0x12 C:\Users\Cody\AppData\Local\VMicro\Arduino\Builds\MESi_Labs_Dev_Code\arduino_due_x_dbg/core.a(USARTClass.cpp.o)
                0x000841d2                USARTClass::peek()
 .text._ZN10USARTClass4readEv
                0x000841e4       0x1c C:\Users\Cody\AppData\Local\VMicro\Arduino\Builds\MESi_Labs_Dev_Code\arduino_due_x_dbg/core.a(USARTClass.cpp.o)
                0x000841e4                USARTClass::read()
 .text._ZN10USARTClass5flushEv
                0x00084200        0xc C:\Users\Cody\AppData\Local\VMicro\Arduino\Builds\MESi_Labs_Dev_Code\arduino_due_x_dbg/core.a(USARTClass.cpp.o)
                0x00084200                USARTClass::flush()
 .text._ZN10USARTClass5writeEh
                0x0008420c       0x10 C:\Users\Cody\AppData\Local\VMicro\Arduino\Builds\MESi_Labs_Dev_Code\arduino_due_x_dbg/core.a(USARTClass.cpp.o)
                0x0008420c                USARTClass::write(unsigned char)
 .text._ZN10USARTClass10IrqHandlerEv
                0x0008421c       0x2a C:\Users\Cody\AppData\Local\VMicro\Arduino\Builds\MESi_Labs_Dev_Code\arduino_due_x_dbg/core.a(USARTClass.cpp.o)
                0x0008421c                USARTClass::IrqHandler()
 *fill*         0x00084246        0x2 00
 .text._ZN10USARTClass5beginEm
                0x00084248       0x5c C:\Users\Cody\AppData\Local\VMicro\Arduino\Builds\MESi_Labs_Dev_Code\arduino_due_x_dbg/core.a(USARTClass.cpp.o)
                0x00084248                USARTClass::begin(unsigned long)
 .text._Z8makeWordhh
                0x000842a4        0x6 C:\Users\Cody\AppData\Local\VMicro\Arduino\Builds\MESi_Labs_Dev_Code\arduino_due_x_dbg/core.a(WMath.cpp.o)
                0x000842a4                makeWord(unsigned char, unsigned char)
 .text._ZNK6StringixEj
                0x000842aa       0x12 C:\Users\Cody\AppData\Local\VMicro\Arduino\Builds\MESi_Labs_Dev_Code\arduino_due_x_dbg/core.a(WString.cpp.o)
                0x000842aa                String::operator[](unsigned int) const
 .text._ZN6String12changeBufferEj
                0x000842bc       0x1a C:\Users\Cody\AppData\Local\VMicro\Arduino\Builds\MESi_Labs_Dev_Code\arduino_due_x_dbg/core.a(WString.cpp.o)
                0x000842bc                String::changeBuffer(unsigned int)
 .text._ZN6String7reserveEj
                0x000842d6       0x28 C:\Users\Cody\AppData\Local\VMicro\Arduino\Builds\MESi_Labs_Dev_Code\arduino_due_x_dbg/core.a(WString.cpp.o)
                0x000842d6                String::reserve(unsigned int)
 .text._ZN6String6concatEPKcj
                0x000842fe       0x2c C:\Users\Cody\AppData\Local\VMicro\Arduino\Builds\MESi_Labs_Dev_Code\arduino_due_x_dbg/core.a(WString.cpp.o)
                0x000842fe                String::concat(char const*, unsigned int)
 .text._ZN6String10invalidateEv
                0x0008432a       0x16 C:\Users\Cody\AppData\Local\VMicro\Arduino\Builds\MESi_Labs_Dev_Code\arduino_due_x_dbg/core.a(WString.cpp.o)
                0x0008432a                String::invalidate()
 .text._ZplRK15StringSumHelperPKc
                0x00084340       0x24 C:\Users\Cody\AppData\Local\VMicro\Arduino\Builds\MESi_Labs_Dev_Code\arduino_due_x_dbg/core.a(WString.cpp.o)
                0x00084340                operator+(StringSumHelper const&, char const*)
 .text._ZplRK15StringSumHelperRK6String
                0x00084364       0x1a C:\Users\Cody\AppData\Local\VMicro\Arduino\Builds\MESi_Labs_Dev_Code\arduino_due_x_dbg/core.a(WString.cpp.o)
                0x00084364                operator+(StringSumHelper const&, String const&)
 .text._ZN6String4copyEPKcj
                0x0008437e       0x26 C:\Users\Cody\AppData\Local\VMicro\Arduino\Builds\MESi_Labs_Dev_Code\arduino_due_x_dbg/core.a(WString.cpp.o)
                0x0008437e                String::copy(char const*, unsigned int)
 .text._ZN6StringC1EPKc
                0x000843a4       0x24 C:\Users\Cody\AppData\Local\VMicro\Arduino\Builds\MESi_Labs_Dev_Code\arduino_due_x_dbg/core.a(WString.cpp.o)
                0x000843a4                String::String(char const*)
 .text._ZN6StringaSEPKc
                0x000843c8       0x22 C:\Users\Cody\AppData\Local\VMicro\Arduino\Builds\MESi_Labs_Dev_Code\arduino_due_x_dbg/core.a(WString.cpp.o)
                0x000843c8                String::operator=(char const*)
 .text._ZN6StringC1Eih
                0x000843ea       0x26 C:\Users\Cody\AppData\Local\VMicro\Arduino\Builds\MESi_Labs_Dev_Code\arduino_due_x_dbg/core.a(WString.cpp.o)
                0x000843ea                String::String(int, unsigned char)
 .text._ZN6StringC1Ehh
                0x00084410       0x26 C:\Users\Cody\AppData\Local\VMicro\Arduino\Builds\MESi_Labs_Dev_Code\arduino_due_x_dbg/core.a(WString.cpp.o)
                0x00084410                String::String(unsigned char, unsigned char)
 .text._ZN6StringaSERKS_
                0x00084436       0x1e C:\Users\Cody\AppData\Local\VMicro\Arduino\Builds\MESi_Labs_Dev_Code\arduino_due_x_dbg/core.a(WString.cpp.o)
                0x00084436                String::operator=(String const&)
 .text._ZN6StringC2ERKS_
                0x00084454       0x14 C:\Users\Cody\AppData\Local\VMicro\Arduino\Builds\MESi_Labs_Dev_Code\arduino_due_x_dbg/core.a(WString.cpp.o)
                0x00084454                String::String(String const&)
 .text._ZN6StringD1Ev
                0x00084468        0xe C:\Users\Cody\AppData\Local\VMicro\Arduino\Builds\MESi_Labs_Dev_Code\arduino_due_x_dbg/core.a(WString.cpp.o)
                0x00084468                String::~String()
 .text._ZN6StringD2Ev
                0x00084476        0xe C:\Users\Cody\AppData\Local\VMicro\Arduino\Builds\MESi_Labs_Dev_Code\arduino_due_x_dbg/core.a(WString.cpp.o)
                0x00084476                String::~String()
 .text._Z16USBD_InitControli
                0x00084484       0x14 C:\Users\Cody\AppData\Local\VMicro\Arduino\Builds\MESi_Labs_Dev_Code\arduino_due_x_dbg/core.a(USBCore.cpp.o)
                0x00084484                USBD_InitControl(int)
 .text._ZL11USB_SendZlpv
                0x00084498       0x24 C:\Users\Cody\AppData\Local\VMicro\Arduino\Builds\MESi_Labs_Dev_Code\arduino_due_x_dbg/core.a(USBCore.cpp.o)
 .text._ZN10USBDevice_6attachEv
                0x000844bc       0x20 C:\Users\Cody\AppData\Local\VMicro\Arduino\Builds\MESi_Labs_Dev_Code\arduino_due_x_dbg/core.a(USBCore.cpp.o)
                0x000844bc                USBDevice_::attach()
 .text._ZN10USBDevice_C1Ev
                0x000844dc       0x24 C:\Users\Cody\AppData\Local\VMicro\Arduino\Builds\MESi_Labs_Dev_Code\arduino_due_x_dbg/core.a(USBCore.cpp.o)
                0x000844dc                USBDevice_::USBDevice_()
 .text._Z14USBD_Availablem
                0x00084500       0x2c C:\Users\Cody\AppData\Local\VMicro\Arduino\Builds\MESi_Labs_Dev_Code\arduino_due_x_dbg/core.a(USBCore.cpp.o)
                0x00084500                USBD_Available(unsigned long)
 .text._Z10USBD_Flushm
                0x0008452c       0x16 C:\Users\Cody\AppData\Local\VMicro\Arduino\Builds\MESi_Labs_Dev_Code\arduino_due_x_dbg/core.a(USBCore.cpp.o)
                0x0008452c                USBD_Flush(unsigned long)
 .text._Z24USBD_SendOtherInterfacesv
                0x00084542       0x1c C:\Users\Cody\AppData\Local\VMicro\Arduino\Builds\MESi_Labs_Dev_Code\arduino_due_x_dbg/core.a(USBCore.cpp.o)
                0x00084542                USBD_SendOtherInterfaces()
 .text._Z19USBD_SendInterfacesv
                0x0008455e       0x1c C:\Users\Cody\AppData\Local\VMicro\Arduino\Builds\MESi_Labs_Dev_Code\arduino_due_x_dbg/core.a(USBCore.cpp.o)
                0x0008455e                USBD_SendInterfaces()
 .text._Z26USBD_ClassInterfaceRequestR5Setup
                0x0008457a       0x14 C:\Users\Cody\AppData\Local\VMicro\Arduino\Builds\MESi_Labs_Dev_Code\arduino_due_x_dbg/core.a(USBCore.cpp.o)
                0x0008457a                USBD_ClassInterfaceRequest(Setup&)
 .text._Z16USBD_RecvControlPvm
                0x0008458e       0x1c C:\Users\Cody\AppData\Local\VMicro\Arduino\Builds\MESi_Labs_Dev_Code\arduino_due_x_dbg/core.a(USBCore.cpp.o)
                0x0008458e                USBD_RecvControl(void*, unsigned long)
 *fill*         0x000845aa        0x2 00
 .text._Z16USBD_SendControlhPKvm
                0x000845ac       0x40 C:\Users\Cody\AppData\Local\VMicro\Arduino\Builds\MESi_Labs_Dev_Code\arduino_due_x_dbg/core.a(USBCore.cpp.o)
                0x000845ac                USBD_SendControl(unsigned char, void const*, unsigned long)
 .text._ZL24USB_SendStringDescriptorPKhi
                0x000845ec       0x42 C:\Users\Cody\AppData\Local\VMicro\Arduino\Builds\MESi_Labs_Dev_Code\arduino_due_x_dbg/core.a(USBCore.cpp.o)
 *fill*         0x0008462e        0x2 00
 .text._ZL7USB_ISRv
                0x00084630      0x438 C:\Users\Cody\AppData\Local\VMicro\Arduino\Builds\MESi_Labs_Dev_Code\arduino_due_x_dbg/core.a(USBCore.cpp.o)
 .text._Z9USBD_SendmPKvm
                0x00084a68       0x4c C:\Users\Cody\AppData\Local\VMicro\Arduino\Builds\MESi_Labs_Dev_Code\arduino_due_x_dbg/core.a(USBCore.cpp.o)
                0x00084a68                USBD_Send(unsigned long, void const*, unsigned long)
 .text._Z9USBD_RecvmPvm
                0x00084ab4       0x7c C:\Users\Cody\AppData\Local\VMicro\Arduino\Builds\MESi_Labs_Dev_Code\arduino_due_x_dbg/core.a(USBCore.cpp.o)
                0x00084ab4                USBD_Recv(unsigned long, void*, unsigned long)
 .text._Z9USBD_Recvm
                0x00084b30       0x1e C:\Users\Cody\AppData\Local\VMicro\Arduino\Builds\MESi_Labs_Dev_Code\arduino_due_x_dbg/core.a(USBCore.cpp.o)
                0x00084b30                USBD_Recv(unsigned long)
 *fill*         0x00084b4e        0x2 00
 .text._GLOBAL__I_TxLEDPulse
                0x00084b50        0xc C:\Users\Cody\AppData\Local\VMicro\Arduino\Builds\MESi_Labs_Dev_Code\arduino_due_x_dbg/core.a(USBCore.cpp.o)
 .text._Z12serialEvent1v
                0x00084b5c        0x2 C:\Users\Cody\AppData\Local\VMicro\Arduino\Builds\MESi_Labs_Dev_Code\arduino_due_x_dbg/core.a(variant.cpp.o)
                0x00084b5c                serialEvent1()
 .text._Z12serialEvent2v
                0x00084b5e        0x2 C:\Users\Cody\AppData\Local\VMicro\Arduino\Builds\MESi_Labs_Dev_Code\arduino_due_x_dbg/core.a(variant.cpp.o)
                0x00084b5e                serialEvent2()
 .text.init     0x00084b60      0x134 C:\Users\Cody\AppData\Local\VMicro\Arduino\Builds\MESi_Labs_Dev_Code\arduino_due_x_dbg/core.a(variant.cpp.o)
                0x00084b60                init
 .text._Z14serialEventRunv
                0x00084c94       0x48 C:\Users\Cody\AppData\Local\VMicro\Arduino\Builds\MESi_Labs_Dev_Code\arduino_due_x_dbg/core.a(variant.cpp.o)
                0x00084c94                serialEventRun()
 .text.USART3_Handler
                0x00084cdc        0xc C:\Users\Cody\AppData\Local\VMicro\Arduino\Builds\MESi_Labs_Dev_Code\arduino_due_x_dbg/core.a(variant.cpp.o)
                0x00084cdc                USART3_Handler
 .text.USART1_Handler
                0x00084ce8        0xc C:\Users\Cody\AppData\Local\VMicro\Arduino\Builds\MESi_Labs_Dev_Code\arduino_due_x_dbg/core.a(variant.cpp.o)
                0x00084ce8                USART1_Handler
 .text.USART0_Handler
                0x00084cf4        0xc C:\Users\Cody\AppData\Local\VMicro\Arduino\Builds\MESi_Labs_Dev_Code\arduino_due_x_dbg/core.a(variant.cpp.o)
                0x00084cf4                USART0_Handler
 .text.UART_Handler
                0x00084d00        0xc C:\Users\Cody\AppData\Local\VMicro\Arduino\Builds\MESi_Labs_Dev_Code\arduino_due_x_dbg/core.a(variant.cpp.o)
                0x00084d00                UART_Handler
 .text._GLOBAL__I_g_APinDescription
                0x00084d0c       0x8c C:\Users\Cody\AppData\Local\VMicro\Arduino\Builds\MESi_Labs_Dev_Code\arduino_due_x_dbg/core.a(variant.cpp.o)
 .text.ltoa     0x00084d98       0x88 C:\Users\Cody\AppData\Local\VMicro\Arduino\Builds\MESi_Labs_Dev_Code\arduino_due_x_dbg/core.a(itoa.c.o)
                0x00084d98                ltoa
 .text.itoa     0x00084e20        0x4 C:\Users\Cody\AppData\Local\VMicro\Arduino\Builds\MESi_Labs_Dev_Code\arduino_due_x_dbg/core.a(itoa.c.o)
                0x00084e20                itoa
 .text.ultoa    0x00084e24       0x6a C:\Users\Cody\AppData\Local\VMicro\Arduino\Builds\MESi_Labs_Dev_Code\arduino_due_x_dbg/core.a(itoa.c.o)
                0x00084e24                ultoa
 .text.utoa     0x00084e8e        0x4 C:\Users\Cody\AppData\Local\VMicro\Arduino\Builds\MESi_Labs_Dev_Code\arduino_due_x_dbg/core.a(itoa.c.o)
                0x00084e8e                utoa
 *fill*         0x00084e92        0x2 00
 .text.analogOutputInit
                0x00084e94       0x14 C:\Users\Cody\AppData\Local\VMicro\Arduino\Builds\MESi_Labs_Dev_Code\arduino_due_x_dbg/core.a(wiring_analog.c.o)
                0x00084e94                analogOutputInit
 .text._ZN10RingBuffer10store_charEh
                0x00084ea8       0x16 C:\Users\Cody\AppData\Local\VMicro\Arduino\Builds\MESi_Labs_Dev_Code\arduino_due_x_dbg/core.a(RingBuffer.cpp.o)
                0x00084ea8                RingBuffer::store_char(unsigned char)
 .text._ZN10RingBufferC1Ev
                0x00084ebe       0x16 C:\Users\Cody\AppData\Local\VMicro\Arduino\Builds\MESi_Labs_Dev_Code\arduino_due_x_dbg/core.a(RingBuffer.cpp.o)
                0x00084ebe                RingBuffer::RingBuffer()
 .text._ZN7Serial_9availableEv
                0x00084ed4       0x18 C:\Users\Cody\AppData\Local\VMicro\Arduino\Builds\MESi_Labs_Dev_Code\arduino_due_x_dbg/core.a(CDC.cpp.o)
                0x00084ed4                Serial_::available()
 .text._ZN7Serial_4peekEv
                0x00084eec       0x20 C:\Users\Cody\AppData\Local\VMicro\Arduino\Builds\MESi_Labs_Dev_Code\arduino_due_x_dbg/core.a(CDC.cpp.o)
                0x00084eec                Serial_::peek()
 .text._ZN7Serial_5writeEh
                0x00084f0c       0x14 C:\Users\Cody\AppData\Local\VMicro\Arduino\Builds\MESi_Labs_Dev_Code\arduino_due_x_dbg/core.a(CDC.cpp.o)
                0x00084f0c                Serial_::write(unsigned char)
 .text._ZN7Serial_5writeEPKhj
                0x00084f20       0x28 C:\Users\Cody\AppData\Local\VMicro\Arduino\Builds\MESi_Labs_Dev_Code\arduino_due_x_dbg/core.a(CDC.cpp.o)
                0x00084f20                Serial_::write(unsigned char const*, unsigned int)
 .text._ZN7Serial_5flushEv
                0x00084f48        0x6 C:\Users\Cody\AppData\Local\VMicro\Arduino\Builds\MESi_Labs_Dev_Code\arduino_due_x_dbg/core.a(CDC.cpp.o)
                0x00084f48                Serial_::flush()
 *fill*         0x00084f4e        0x2 00
 .text._ZN7Serial_4readEv
                0x00084f50       0x44 C:\Users\Cody\AppData\Local\VMicro\Arduino\Builds\MESi_Labs_Dev_Code\arduino_due_x_dbg/core.a(CDC.cpp.o)
                0x00084f50                Serial_::read()
 .text._ZN7Serial_6acceptEv
                0x00084f94       0x6c C:\Users\Cody\AppData\Local\VMicro\Arduino\Builds\MESi_Labs_Dev_Code\arduino_due_x_dbg/core.a(CDC.cpp.o)
                0x00084f94                Serial_::accept()
 .text._Z21CDC_GetOtherInterfacePh
                0x00085000       0x14 C:\Users\Cody\AppData\Local\VMicro\Arduino\Builds\MESi_Labs_Dev_Code\arduino_due_x_dbg/core.a(CDC.cpp.o)
                0x00085000                CDC_GetOtherInterface(unsigned char*)
 .text._Z16CDC_GetInterfacePh
                0x00085014       0x14 C:\Users\Cody\AppData\Local\VMicro\Arduino\Builds\MESi_Labs_Dev_Code\arduino_due_x_dbg/core.a(CDC.cpp.o)
                0x00085014                CDC_GetInterface(unsigned char*)
 .text._Z9CDC_SetupR5Setup
                0x00085028       0x60 C:\Users\Cody\AppData\Local\VMicro\Arduino\Builds\MESi_Labs_Dev_Code\arduino_due_x_dbg/core.a(CDC.cpp.o)
                0x00085028                CDC_Setup(Setup&)
 .text._GLOBAL__I_cdc_rx_buffer
                0x00085088       0x1c C:\Users\Cody\AppData\Local\VMicro\Arduino\Builds\MESi_Labs_Dev_Code\arduino_due_x_dbg/core.a(CDC.cpp.o)
 .text._Z9HID_SetupR5Setup
                0x000850a4       0x44 C:\Users\Cody\AppData\Local\VMicro\Arduino\Builds\MESi_Labs_Dev_Code\arduino_due_x_dbg/core.a(HID.cpp.o)
                0x000850a4                HID_Setup(Setup&)
 .text._ZN6Mouse_C1Ev
                0x000850e8        0x6 C:\Users\Cody\AppData\Local\VMicro\Arduino\Builds\MESi_Labs_Dev_Code\arduino_due_x_dbg/core.a(HID.cpp.o)
                0x000850e8                Mouse_::Mouse_()
 *fill*         0x000850ee        0x2 00
 .text._ZN9Keyboard_C1Ev
                0x000850f0       0x10 C:\Users\Cody\AppData\Local\VMicro\Arduino\Builds\MESi_Labs_Dev_Code\arduino_due_x_dbg/core.a(HID.cpp.o)
                0x000850f0                Keyboard_::Keyboard_()
 .text._ZN9Keyboard_5writeEh
                0x00085100       0x1c C:\Users\Cody\AppData\Local\VMicro\Arduino\Builds\MESi_Labs_Dev_Code\arduino_due_x_dbg/core.a(HID.cpp.o)
                0x00085100                Keyboard_::write(unsigned char)
 .text._Z14HID_SendReporthPKvm
                0x0008511c       0x2c C:\Users\Cody\AppData\Local\VMicro\Arduino\Builds\MESi_Labs_Dev_Code\arduino_due_x_dbg/core.a(HID.cpp.o)
                0x0008511c                HID_SendReport(unsigned char, void const*, unsigned long)
 .text._ZN9Keyboard_10sendReportEP9KeyReport
                0x00085148        0x8 C:\Users\Cody\AppData\Local\VMicro\Arduino\Builds\MESi_Labs_Dev_Code\arduino_due_x_dbg/core.a(HID.cpp.o)
                0x00085148                Keyboard_::sendReport(KeyReport*)
 .text._ZN9Keyboard_10releaseAllEv
                0x00085150       0x18 C:\Users\Cody\AppData\Local\VMicro\Arduino\Builds\MESi_Labs_Dev_Code\arduino_due_x_dbg/core.a(HID.cpp.o)
                0x00085150                Keyboard_::releaseAll()
 .text._ZN9Keyboard_7releaseEh
                0x00085168       0x74 C:\Users\Cody\AppData\Local\VMicro\Arduino\Builds\MESi_Labs_Dev_Code\arduino_due_x_dbg/core.a(HID.cpp.o)
                0x00085168                Keyboard_::release(unsigned char)
 .text._ZN9Keyboard_5pressEh
                0x000851dc       0x9c C:\Users\Cody\AppData\Local\VMicro\Arduino\Builds\MESi_Labs_Dev_Code\arduino_due_x_dbg/core.a(HID.cpp.o)
                0x000851dc                Keyboard_::press(unsigned char)
 .text._Z17HID_GetDescriptori
                0x00085278       0x10 C:\Users\Cody\AppData\Local\VMicro\Arduino\Builds\MESi_Labs_Dev_Code\arduino_due_x_dbg/core.a(HID.cpp.o)
                0x00085278                HID_GetDescriptor(int)
 .text._Z16HID_GetInterfacePh
                0x00085288       0x14 C:\Users\Cody\AppData\Local\VMicro\Arduino\Builds\MESi_Labs_Dev_Code\arduino_due_x_dbg/core.a(HID.cpp.o)
                0x00085288                HID_GetInterface(unsigned char*)
 .text._GLOBAL__I_Mouse
                0x0008529c       0x1c C:\Users\Cody\AppData\Local\VMicro\Arduino\Builds\MESi_Labs_Dev_Code\arduino_due_x_dbg/core.a(HID.cpp.o)
 .text.TimeTick_Increment
                0x000852b8       0x10 C:\Users\Cody\Google Drive\MESi Labs\Software\Arduino IDE\Arduino-1.5.5-r2\hardware\arduino\sam\variants\arduino_due_x/libsam_sam3x8e_gcc_rel.a(timetick.o)
                0x000852b8                TimeTick_Increment
 .text.GetTickCount
                0x000852c8        0xc C:\Users\Cody\Google Drive\MESi Labs\Software\Arduino IDE\Arduino-1.5.5-r2\hardware\arduino\sam\variants\arduino_due_x/libsam_sam3x8e_gcc_rel.a(timetick.o)
                0x000852c8                GetTickCount
 .text.WDT_Disable
                0x000852d4        0x8 C:\Users\Cody\Google Drive\MESi Labs\Software\Arduino IDE\Arduino-1.5.5-r2\hardware\arduino\sam\variants\arduino_due_x/libsam_sam3x8e_gcc_rel.a(wdt.o)
                0x000852d4                WDT_Disable
 .text.SystemInit
                0x000852dc       0x9c C:\Users\Cody\Google Drive\MESi Labs\Software\Arduino IDE\Arduino-1.5.5-r2\hardware\arduino\sam\variants\arduino_due_x/libsam_sam3x8e_gcc_rel.a(system_sam3xa.o)
                0x000852dc                SystemInit
 .text.adc_init
                0x00085378       0xa0 C:\Users\Cody\Google Drive\MESi Labs\Software\Arduino IDE\Arduino-1.5.5-r2\hardware\arduino\sam\variants\arduino_due_x/libsam_sam3x8e_gcc_rel.a(adc.o)
                0x00085378                adc_init
 .text.adc_configure_trigger
                0x00085418       0x10 C:\Users\Cody\Google Drive\MESi Labs\Software\Arduino IDE\Arduino-1.5.5-r2\hardware\arduino\sam\variants\arduino_due_x/libsam_sam3x8e_gcc_rel.a(adc.o)
                0x00085418                adc_configure_trigger
 .text.adc_configure_timing
                0x00085428       0x1a C:\Users\Cody\Google Drive\MESi Labs\Software\Arduino IDE\Arduino-1.5.5-r2\hardware\arduino\sam\variants\arduino_due_x/libsam_sam3x8e_gcc_rel.a(adc.o)
                0x00085428                adc_configure_timing
 .text.adc_disable_all_channel
                0x00085442        0x8 C:\Users\Cody\Google Drive\MESi Labs\Software\Arduino IDE\Arduino-1.5.5-r2\hardware\arduino\sam\variants\arduino_due_x/libsam_sam3x8e_gcc_rel.a(adc.o)
                0x00085442                adc_disable_all_channel
 .text.adc_disable_interrupt
                0x0008544a        0x4 C:\Users\Cody\Google Drive\MESi Labs\Software\Arduino IDE\Arduino-1.5.5-r2\hardware\arduino\sam\variants\arduino_due_x/libsam_sam3x8e_gcc_rel.a(adc.o)
                0x0008544a                adc_disable_interrupt
 *fill*         0x0008544e        0x2 00
 .text.UDD_SetStack
                0x00085450        0xc C:\Users\Cody\Google Drive\MESi Labs\Software\Arduino IDE\Arduino-1.5.5-r2\hardware\arduino\sam\variants\arduino_due_x/libsam_sam3x8e_gcc_rel.a(uotghs_device.o)
                0x00085450                UDD_SetStack
 .text.UDD_Init
                0x0008545c       0xd0 C:\Users\Cody\Google Drive\MESi Labs\Software\Arduino IDE\Arduino-1.5.5-r2\hardware\arduino\sam\variants\arduino_due_x/libsam_sam3x8e_gcc_rel.a(uotghs_device.o)
                0x0008545c                UDD_Init
 .text.UDD_Attach
                0x0008552c       0x4c C:\Users\Cody\Google Drive\MESi Labs\Software\Arduino IDE\Arduino-1.5.5-r2\hardware\arduino\sam\variants\arduino_due_x/libsam_sam3x8e_gcc_rel.a(uotghs_device.o)
                0x0008552c                UDD_Attach
 .text.UDD_InitEP
                0x00085578       0x30 C:\Users\Cody\Google Drive\MESi Labs\Software\Arduino IDE\Arduino-1.5.5-r2\hardware\arduino\sam\variants\arduino_due_x/libsam_sam3x8e_gcc_rel.a(uotghs_device.o)
                0x00085578                UDD_InitEP
 .text.UDD_InitEndpoints
                0x000855a8       0x3c C:\Users\Cody\Google Drive\MESi Labs\Software\Arduino IDE\Arduino-1.5.5-r2\hardware\arduino\sam\variants\arduino_due_x/libsam_sam3x8e_gcc_rel.a(uotghs_device.o)
                0x000855a8                UDD_InitEndpoints
 .text.UDD_WaitIN
                0x000855e4       0x14 C:\Users\Cody\Google Drive\MESi Labs\Software\Arduino IDE\Arduino-1.5.5-r2\hardware\arduino\sam\variants\arduino_due_x/libsam_sam3x8e_gcc_rel.a(uotghs_device.o)
                0x000855e4                UDD_WaitIN
 .text.UDD_WaitOUT
                0x000855f8       0x14 C:\Users\Cody\Google Drive\MESi Labs\Software\Arduino IDE\Arduino-1.5.5-r2\hardware\arduino\sam\variants\arduino_due_x/libsam_sam3x8e_gcc_rel.a(uotghs_device.o)
                0x000855f8                UDD_WaitOUT
 .text.UDD_ClearIN
                0x0008560c       0x18 C:\Users\Cody\Google Drive\MESi Labs\Software\Arduino IDE\Arduino-1.5.5-r2\hardware\arduino\sam\variants\arduino_due_x/libsam_sam3x8e_gcc_rel.a(uotghs_device.o)
                0x0008560c                UDD_ClearIN
 .text.UDD_ClearOUT
                0x00085624       0x18 C:\Users\Cody\Google Drive\MESi Labs\Software\Arduino IDE\Arduino-1.5.5-r2\hardware\arduino\sam\variants\arduino_due_x/libsam_sam3x8e_gcc_rel.a(uotghs_device.o)
                0x00085624                UDD_ClearOUT
 .text.UDD_ReceivedSetupInt
                0x0008563c       0x10 C:\Users\Cody\Google Drive\MESi Labs\Software\Arduino IDE\Arduino-1.5.5-r2\hardware\arduino\sam\variants\arduino_due_x/libsam_sam3x8e_gcc_rel.a(uotghs_device.o)
                0x0008563c                UDD_ReceivedSetupInt
 .text.UDD_ClearSetupInt
                0x0008564c       0x10 C:\Users\Cody\Google Drive\MESi Labs\Software\Arduino IDE\Arduino-1.5.5-r2\hardware\arduino\sam\variants\arduino_due_x/libsam_sam3x8e_gcc_rel.a(uotghs_device.o)
                0x0008564c                UDD_ClearSetupInt
 .text.UDD_Send
                0x0008565c       0x90 C:\Users\Cody\Google Drive\MESi Labs\Software\Arduino IDE\Arduino-1.5.5-r2\hardware\arduino\sam\variants\arduino_due_x/libsam_sam3x8e_gcc_rel.a(uotghs_device.o)
                0x0008565c                UDD_Send
 .text.UDD_Send8